Component: ARM Compiler 5.06 update 3 (build 300) Tool: armlink [4d35c9]

==============================================================================

Section Cross References

    system_stm32f0xx.o(i.SystemCoreClockUpdate) refers to uidiv.o(.text) for __aeabi_uidivmod
    system_stm32f0xx.o(i.SystemCoreClockUpdate) refers to system_stm32f0xx.o(.data) for .data
    system_stm32f0xx.o(i.SystemCoreClockUpdate) refers to system_stm32f0xx.o(.constdata) for .constdata
    stm32f0xx_hal_tim.o(i.HAL_TIM_Base_DeInit) refers to stm32f0xx_hal_msp.o(i.HAL_TIM_Base_MspDeInit) for HAL_TIM_Base_MspDeInit
    stm32f0xx_hal_tim.o(i.HAL_TIM_Base_Init) refers to stm32f0xx_hal_msp.o(i.HAL_TIM_Base_MspInit) for HAL_TIM_Base_MspInit
    stm32f0xx_hal_tim.o(i.HAL_TIM_Base_Init) refers to stm32f0xx_hal_tim.o(i.TIM_Base_SetConfig) for TIM_Base_SetConfig
    stm32f0xx_hal_tim.o(i.HAL_TIM_Base_Start_DMA) refers to stm32f0xx_hal_dma.o(i.HAL_DMA_Start_IT) for HAL_DMA_Start_IT
    stm32f0xx_hal_tim.o(i.HAL_TIM_Base_Start_DMA) refers to stm32f0xx_hal_tim.o(i.TIM_DMAPeriodElapsedCplt) for TIM_DMAPeriodElapsedCplt
    stm32f0xx_hal_tim.o(i.HAL_TIM_Base_Start_DMA) refers to stm32f0xx_hal_tim.o(i.TIM_DMAError) for TIM_DMAError
    stm32f0xx_hal_tim.o(i.HAL_TIM_ConfigClockSource) refers to stm32f0xx_hal_tim.o(i.TIM_ETR_SetConfig) for TIM_ETR_SetConfig
    stm32f0xx_hal_tim.o(i.HAL_TIM_ConfigClockSource) refers to stm32f0xx_hal_tim.o(i.TIM_TI1_ConfigInputStage) for TIM_TI1_ConfigInputStage
    stm32f0xx_hal_tim.o(i.HAL_TIM_ConfigClockSource) refers to stm32f0xx_hal_tim.o(i.TIM_TI2_ConfigInputStage) for TIM_TI2_ConfigInputStage
    stm32f0xx_hal_tim.o(i.HAL_TIM_ConfigClockSource) refers to stm32f0xx_hal_tim.o(i.TIM_ITRx_SetConfig) for TIM_ITRx_SetConfig
    stm32f0xx_hal_tim.o(i.HAL_TIM_ConfigOCrefClear) refers to stm32f0xx_hal_tim.o(i.TIM_ETR_SetConfig) for TIM_ETR_SetConfig
    stm32f0xx_hal_tim.o(i.HAL_TIM_DMABurst_MultiReadStart) refers to stm32f0xx_hal_dma.o(i.HAL_DMA_Start_IT) for HAL_DMA_Start_IT
    stm32f0xx_hal_tim.o(i.HAL_TIM_DMABurst_MultiReadStart) refers to stm32f0xx_hal_tim.o(i.TIM_DMAError) for TIM_DMAError
    stm32f0xx_hal_tim.o(i.HAL_TIM_DMABurst_MultiReadStart) refers to stm32f0xx_hal_tim.o(i.TIM_DMACaptureCplt) for TIM_DMACaptureCplt
    stm32f0xx_hal_tim.o(i.HAL_TIM_DMABurst_MultiReadStart) refers to stm32f0xx_hal_tim.o(i.TIM_DMATriggerCplt) for TIM_DMATriggerCplt
    stm32f0xx_hal_tim.o(i.HAL_TIM_DMABurst_MultiReadStart) refers to stm32f0xx_hal_tim.o(i.TIM_DMAPeriodElapsedCplt) for TIM_DMAPeriodElapsedCplt
    stm32f0xx_hal_tim.o(i.HAL_TIM_DMABurst_MultiReadStart) refers to stm32f0xx_hal_tim_ex.o(i.TIMEx_DMACommutationCplt) for TIMEx_DMACommutationCplt
    stm32f0xx_hal_tim.o(i.HAL_TIM_DMABurst_MultiWriteStart) refers to stm32f0xx_hal_dma.o(i.HAL_DMA_Start_IT) for HAL_DMA_Start_IT
    stm32f0xx_hal_tim.o(i.HAL_TIM_DMABurst_MultiWriteStart) refers to stm32f0xx_hal_tim.o(i.TIM_DMAError) for TIM_DMAError
    stm32f0xx_hal_tim.o(i.HAL_TIM_DMABurst_MultiWriteStart) refers to stm32f0xx_hal_tim.o(i.TIM_DMADelayPulseCplt) for TIM_DMADelayPulseCplt
    stm32f0xx_hal_tim.o(i.HAL_TIM_DMABurst_MultiWriteStart) refers to stm32f0xx_hal_tim.o(i.TIM_DMATriggerCplt) for TIM_DMATriggerCplt
    stm32f0xx_hal_tim.o(i.HAL_TIM_DMABurst_MultiWriteStart) refers to stm32f0xx_hal_tim.o(i.TIM_DMAPeriodElapsedCplt) for TIM_DMAPeriodElapsedCplt
    stm32f0xx_hal_tim.o(i.HAL_TIM_DMABurst_MultiWriteStart) refers to stm32f0xx_hal_tim_ex.o(i.TIMEx_DMACommutationCplt) for TIMEx_DMACommutationCplt
    stm32f0xx_hal_tim.o(i.HAL_TIM_DMABurst_ReadStart) refers to stm32f0xx_hal_tim.o(i.HAL_TIM_DMABurst_MultiReadStart) for HAL_TIM_DMABurst_MultiReadStart
    stm32f0xx_hal_tim.o(i.HAL_TIM_DMABurst_ReadStop) refers to stm32f0xx_hal_dma.o(i.HAL_DMA_Abort) for HAL_DMA_Abort
    stm32f0xx_hal_tim.o(i.HAL_TIM_DMABurst_WriteStart) refers to stm32f0xx_hal_tim.o(i.HAL_TIM_DMABurst_MultiWriteStart) for HAL_TIM_DMABurst_MultiWriteStart
    stm32f0xx_hal_tim.o(i.HAL_TIM_DMABurst_WriteStop) refers to stm32f0xx_hal_dma.o(i.HAL_DMA_Abort) for HAL_DMA_Abort
    stm32f0xx_hal_tim.o(i.HAL_TIM_Encoder_DeInit) refers to stm32f0xx_hal_tim.o(i.HAL_TIM_Encoder_MspDeInit) for HAL_TIM_Encoder_MspDeInit
    stm32f0xx_hal_tim.o(i.HAL_TIM_Encoder_Init) refers to stm32f0xx_hal_tim.o(i.HAL_TIM_Encoder_MspInit) for HAL_TIM_Encoder_MspInit
    stm32f0xx_hal_tim.o(i.HAL_TIM_Encoder_Init) refers to stm32f0xx_hal_tim.o(i.TIM_Base_SetConfig) for TIM_Base_SetConfig
    stm32f0xx_hal_tim.o(i.HAL_TIM_Encoder_Start) refers to stm32f0xx_hal_tim.o(i.TIM_CCxChannelCmd) for TIM_CCxChannelCmd
    stm32f0xx_hal_tim.o(i.HAL_TIM_Encoder_Start_DMA) refers to stm32f0xx_hal_dma.o(i.HAL_DMA_Start_IT) for HAL_DMA_Start_IT
    stm32f0xx_hal_tim.o(i.HAL_TIM_Encoder_Start_DMA) refers to stm32f0xx_hal_tim.o(i.TIM_CCxChannelCmd) for TIM_CCxChannelCmd
    stm32f0xx_hal_tim.o(i.HAL_TIM_Encoder_Start_DMA) refers to stm32f0xx_hal_tim.o(i.TIM_DMACaptureCplt) for TIM_DMACaptureCplt
[...]
    ../clib/microlib/printf/printf.c         0x00000000   Number         0  printf6.o ABSOLUTE
    ../clib/microlib/printf/printf.c         0x00000000   Number         0  printf7.o ABSOLUTE
    ../clib/microlib/printf/printf.c         0x00000000   Number         0  printf8.o ABSOLUTE
    ../clib/microlib/printf/printf.c         0x00000000   Number         0  printfa.o ABSOLUTE
    ../clib/microlib/printf/printf.c         0x00000000   Number         0  printf5.o ABSOLUTE
    ../clib/microlib/printf/printf.c         0x00000000   Number         0  printfb.o ABSOLUTE
    ../clib/microlib/printf/printf.c         0x00000000   Number         0  printf0.o ABSOLUTE
    ../clib/microlib/printf/stubs.s          0x00000000   Number         0  stubs.o ABSOLUTE
    ../clib/microlib/stdio/fputc.c           0x00000000   Number         0  fputc.o ABSOLUTE
    ../clib/microlib/stdio/semi.s            0x00000000   Number         0  semi.o ABSOLUTE
    ../clib/microlib/stdio/streams.c         0x00000000   Number         0  stdout.o ABSOLUTE
    ../clib/microlib/stubs.s                 0x00000000   Number         0  iusesemip.o ABSOLUTE
    ../clib/microlib/stubs.s                 0x00000000   Number         0  iusefp.o ABSOLUTE
    ../fplib/microlib/fpadd.c                0x00000000   Number         0  dadd.o ABSOLUTE
    ../fplib/microlib/fpdiv.c                0x00000000   Number         0  ddiv.o ABSOLUTE
    ../fplib/microlib/fpepilogue.c           0x00000000   Number         0  depilogue.o ABSOLUTE
    ../fplib/microlib/fpfix.c                0x00000000   Number         0  dfixul.o ABSOLUTE
    ../fplib/microlib/fpfix.c                0x00000000   Number         0  dfixui.o ABSOLUTE
    ../fplib/microlib/fpflt.c                0x00000000   Number         0  dflti.o ABSOLUTE
    ../fplib/microlib/fpflt.c                0x00000000   Number         0  dfltui.o ABSOLUTE
    ../fplib/microlib/fpmul.c                0x00000000   Number         0  dmul.o ABSOLUTE
    ..\Drivers\STM32F0xx_HAL_Driver\Src\stm32f0xx_hal.c 0x00000000   Number         0  stm32f0xx_hal.o ABSOLUTE
    ..\Drivers\STM32F0xx_HAL_Driver\Src\stm32f0xx_hal_cortex.c 0x00000000   Number         0  stm32f0xx_hal_cortex.o ABSOLUTE
    ..\Drivers\STM32F0xx_HAL_Driver\Src\stm32f0xx_hal_dma.c 0x00000000   Number         0  stm32f0xx_hal_dma.o ABSOLUTE
    ..\Drivers\STM32F0xx_HAL_Driver\Src\stm32f0xx_hal_flash.c 0x00000000   Number         0  stm32f0xx_hal_flash.o ABSOLUTE
    ..\Drivers\STM32F0xx_HAL_Driver\Src\stm32f0xx_hal_flash_ex.c 0x00000000   Number         0  stm32f0xx_hal_flash_ex.o ABSOLUTE
    ..\Drivers\STM32F0xx_HAL_Driver\Src\stm32f0xx_hal_gpio.c 0x00000000   Number         0  stm32f0xx_hal_gpio.o ABSOLUTE
    ..\Drivers\STM32F0xx_HAL_Driver\Src\stm32f0xx_hal_i2c.c 0x00000000   Number         0  stm32f0xx_hal_i2c.o ABSOLUTE
    ..\Drivers\STM32F0xx_HAL_Driver\Src\stm32f0xx_hal_i2c_ex.c 0x00000000   Number         0  stm32f0xx_hal_i2c_ex.o ABSOLUTE
    ..\Drivers\STM32F0xx_HAL_Driver\Src\stm32f0xx_hal_iwdg.c 0x00000000   Number         0  stm32f0xx_hal_iwdg.o ABSOLUTE
    ..\Drivers\STM32F0xx_HAL_Driver\Src\stm32f0xx_hal_pcd.c 0x00000000   Number         0  stm32f0xx_hal_pcd.o ABSOLUTE
    ..\Drivers\STM32F0xx_HAL_Driver\Src\stm32f0xx_hal_pcd_ex.c 0x00000000   Number         0  stm32f0xx_hal_pcd_ex.o ABSOLUTE
    ..\Drivers\STM32F0xx_HAL_Driver\Src\stm32f0xx_hal_pwr.c 0x00000000   Number         0  stm32f0xx_hal_pwr.o ABSOLUTE
    ..\Drivers\STM32F0xx_HAL_Driver\Src\stm32f0xx_hal_pwr_ex.c 0x00000000   Number         0  stm32f0xx_hal_pwr_ex.o ABSOLUTE
    ..\Drivers\STM32F0xx_HAL_Driver\Src\stm32f0xx_hal_rcc.c 0x00000000   Number         0  stm32f0xx_hal_rcc.o ABSOLUTE
    ..\Drivers\STM32F0xx_HAL_Driver\Src\stm32f0xx_hal_rcc_ex.c 0x00000000   Number         0  stm32f0xx_hal_rcc_ex.o ABSOLUTE
    ..\Drivers\STM32F0xx_HAL_Driver\Src\stm32f0xx_hal_spi.c 0x00000000   Number         0  stm32f0xx_hal_spi.o ABSOLUTE
    ..\Drivers\STM32F0xx_HAL_Driver\Src\stm32f0xx_hal_spi_ex.c 0x00000000   Number         0  stm32f0xx_hal_spi_ex.o ABSOLUTE
    ..\Drivers\STM32F0xx_HAL_Driver\Src\stm32f0xx_hal_tim.c 0x00000000   Number         0  stm32f0xx_hal_tim.o ABSOLUTE
    ..\Drivers\STM32F0xx_HAL_Driver\Src\stm32f0xx_hal_tim_ex.c 0x00000000   Number         0  stm32f0xx_hal_tim_ex.o ABSOLUTE
    ..\Middlewares\ST\STM32_USB_Device_Library\Class\CDC\Src\usbd_cdc.c 0x00000000   Number         0  usbd_cdc.o ABSOLUTE
    ..\Middlewares\ST\STM32_USB_Device_Library\Core\Src\usbd_core.c 0x00000000   Number         0  usbd_core.o ABSOLUTE
    ..\Middlewares\ST\STM32_USB_Device_Library\Core\Src\usbd_ctlreq.c 0x00000000   Number         0  usbd_ctlreq.o ABSOLUTE
    ..\Middlewares\ST\STM32_USB_Device_Library\Core\Src\usbd_ioreq.c 0x00000000   Number         0  usbd_ioreq.o ABSOLUTE
    ..\Src\fonts.c                           0x00000000   Number         0  fonts.o ABSOLUTE
    ..\Src\main.c                            0x00000000   Number         0  main.o ABSOLUTE
    ..\Src\ssd1306.c                         0x00000000   Number         0  ssd1306.o ABSOLUTE
    ..\Src\stm32f0xx_hal_msp.c               0x00000000   Number         0  stm32f0xx_hal_msp.o ABSOLUTE
    ..\Src\stm32f0xx_it.c                    0x00000000   Number         0  stm32f0xx_it.o ABSOLUTE
    ..\Src\system_stm32f0xx.c                0x00000000   Number         0  system_stm32f0xx.o ABSOLUTE
    ..\Src\usb_device.c                      0x00000000   Number         0  usb_device.o ABSOLUTE
    ..\Src\usbd_cdc_if.c                     0x00000000   Number         0  usbd_cdc_if.o ABSOLUTE
    ..\Src\usbd_conf.c                       0x00000000   Number         0  usbd_conf.o ABSOLUTE
    ..\Src\usbd_desc.c                       0x00000000   Number         0  usbd_desc.o ABSOLUTE
    ..\\Src\\fonts.c                         0x00000000   Number         0  fonts.o ABSOLUTE
    ..\\Src\\ssd1306.c                       0x00000000   Number         0  ssd1306.o ABSOLUTE
    cdcmple.s                                0x00000000   Number         0  cdcmple.o ABSOLUTE
    cdrcmple.s                               0x00000000   Number         0  cdrcmple.o ABSOLUTE
    dc.s                                     0x00000000   Number         0  dc.o ABSOLUTE
    handlers.s                               0x00000000   Number         0  handlers.o ABSOLUTE
    init.s                                   0x00000000   Number         0  init.o ABSOLUTE
    startup_stm32f070xb.s                    0x00000000   Number         0  startup_stm32f070xb.o ABSOLUTE
    RESET                                    0x08000000   Section      192  startup_stm32f070xb.o(RESET)
    .ARM.Collect$$$$00000000                 0x080000c0   Section        0  entry.o(.ARM.Collect$$$$00000000)
    .ARM.Collect$$$$00000001                 0x080000c0   Section        4  entry2.o(.ARM.Collect$$$$00000001)
    .ARM.Collect$$$$00000004                 0x080000c4   Section        4  entry5.o(.ARM.Collect$$$$00000004)
    .ARM.Collect$$$$00000008                 0x080000c8   Section        0  entry7b.o(.ARM.Collect$$$$00000008)
    .ARM.Collect$$$$0000000A                 0x080000c8   Section        0  entry8b.o(.ARM.Collect$$$$0000000A)
    .ARM.Collect$$$$0000000B                 0x080000c8   Section        8  entry9a.o(.ARM.Collect$$$$0000000B)
    .ARM.Collect$$$$0000000D                 0x080000d0   Section        0  entry10a.o(.ARM.Collect$$$$0000000D)
    .ARM.Collect$$$$0000000F                 0x080000d0   Section        0  entry11a.o(.ARM.Collect$$$$0000000F)
    .ARM.Collect$$$$00002712                 0x080000d0   Section        4  entry2.o(.ARM.Collect$$$$00002712)
    __lit__00000000                          0x080000d0   Data           4  entry2.o(.ARM.Collect$$$$00002712)
    .text                                    0x080000d4   Section       28  startup_stm32f070xb.o(.text)
    .text                                    0x080000f0   Section        0  uidiv.o(.text)
    .text                                    0x0800011c   Section        0  llushr.o(.text)
    .text                                    0x08000140   Section        0  ddiv.o(.text)
    .text                                    0x08000230   Section        0  dfltui.o(.text)
    .text                                    0x0800024c   Section        0  dfixui.o(.text)
    .text                                    0x08000288   Section       40  cdcmple.o(.text)
    .text                                    0x080002b0   Section        0  iusefp.o(.text)
    .text                                    0x080002b0   Section        0  depilogue.o(.text)
    .text                                    0x08000370   Section       36  init.o(.text)
    .text                                    0x08000394   Section        0  llshl.o(.text)
    .text                                    0x080003b4   Section        0  __dczerorl2.o(.text)
    i.Beep                                   0x0800040c   Section        0  main.o(i.Beep)
    i.CDC_Control_FS                         0x08000440   Section        0  usbd_cdc_if.o(i.CDC_Control_FS)
    CDC_Control_FS                           0x08000441   Thumb Code     4  usbd_cdc_if.o(i.CDC_Control_FS)
    i.CDC_DeInit_FS                          0x08000444   Section        0  usbd_cdc_if.o(i.CDC_DeInit_FS)
    CDC_DeInit_FS                            0x08000445   Thumb Code     4  usbd_cdc_if.o(i.CDC_DeInit_FS)
    i.CDC_Init_FS                            0x08000448   Section        0  usbd_cdc_if.o(i.CDC_Init_FS)
    CDC_Init_FS                              0x08000449   Thumb Code    26  usbd_cdc_if.o(i.CDC_Init_FS)
    i.CDC_Receive_FS                         0x0800046c   Section        0  usbd_cdc_if.o(i.CDC_Receive_FS)
    CDC_Receive_FS                           0x0800046d   Thumb Code    20  usbd_cdc_if.o(i.CDC_Receive_FS)
    i.CDC_Transmit_FS                        0x08000484   Section        0  usbd_cdc_if.o(i.CDC_Transmit_FS)
    i.CommEnergyIC                           0x080004b4   Section        0  main.o(i.CommEnergyIC)
    i.EEPROMWriteInt                         0x0800053c   Section        0  main.o(i.EEPROMWriteInt)
    i.EXTI4_15_IRQHandler                    0x0800054c   Section        0  stm32f0xx_it.o(i.EXTI4_15_IRQHandler)
    i.FlashErase                             0x08000558   Section        0  main.o(i.FlashErase)
    i.FlashWrite                             0x080005bc   Section        0  main.o(i.FlashWrite)
    i.GetLineVoltageA                        0x08000654   Section        0  main.o(i.GetLineVoltageA)
    i.GetLineVoltageB                        0x08000678   Section        0  main.o(i.GetLineVoltageB)
    i.GetSysStatus0                          0x0800069c   Section        0  main.o(i.GetSysStatus0)
    i.HAL_Delay                              0x080006b0   Section        0  stm32f0xx_hal.o(i.HAL_Delay)
    i.HAL_FLASH_Unlock                       0x080006cc   Section        0  stm32f0xx_hal_flash.o(i.HAL_FLASH_Unlock)
    i.HAL_GPIO_EXTI_Callback                 0x080006f0   Section        0  main.o(i.HAL_GPIO_EXTI_Callback)
    i.HAL_GPIO_EXTI_IRQHandler               0x08000810   Section        0  stm32f0xx_hal_gpio.o(i.HAL_GPIO_EXTI_IRQHandler)
    i.HAL_GPIO_Init                          0x08000828   Section        0  stm32f0xx_hal_gpio.o(i.HAL_GPIO_Init)
    i.HAL_GPIO_ReadPin                       0x08000970   Section        0  stm32f0xx_hal_gpio.o(i.HAL_GPIO_ReadPin)
    i.HAL_GPIO_WritePin                      0x0800097a   Section        0  stm32f0xx_hal_gpio.o(i.HAL_GPIO_WritePin)
    i.HAL_GetTick                            0x08000988   Section        0  stm32f0xx_hal.o(i.HAL_GetTick)
    i.HAL_I2CEx_ConfigAnalogFilter           0x08000994   Section        0  stm32f0xx_hal_i2c_ex.o(i.HAL_I2CEx_ConfigAnalogFilter)
    i.HAL_I2CEx_ConfigDigitalFilter          0x080009de   Section        0  stm32f0xx_hal_i2c_ex.o(i.HAL_I2CEx_ConfigDigitalFilter)
    i.HAL_I2C_Init                           0x08000a28   Section        0  stm32f0xx_hal_i2c.o(i.HAL_I2C_Init)
    i.HAL_I2C_MspInit                        0x08000adc   Section        0  stm32f0xx_hal_msp.o(i.HAL_I2C_MspInit)
    i.HAL_IWDG_Init                          0x08000b24   Section        0  stm32f0xx_hal_iwdg.o(i.HAL_IWDG_Init)
    i.HAL_IWDG_Refresh                       0x08000b88   Section        0  stm32f0xx_hal_iwdg.o(i.HAL_IWDG_Refresh)
    i.HAL_IncTick                            0x08000b98   Section        0  stm32f0xx_hal.o(i.HAL_IncTick)
    i.HAL_Init                               0x08000ba8   Section        0  stm32f0xx_hal.o(i.HAL_Init)
    i.HAL_InitTick                           0x08000bc8   Section        0  stm32f0xx_hal.o(i.HAL_InitTick)
    i.HAL_MspInit                            0x08000bec   Section        0  stm32f0xx_hal_msp.o(i.HAL_MspInit)
    i.HAL_NVIC_EnableIRQ                     0x08000c24   Section        0  stm32f0xx_hal_cortex.o(i.HAL_NVIC_EnableIRQ)
    i.HAL_NVIC_SetPriority                   0x08000c38   Section        0  stm32f0xx_hal_cortex.o(i.HAL_NVIC_SetPriority)
    i.HAL_PCDEx_PMAConfig                    0x08000c40   Section        0  stm32f0xx_hal_pcd_ex.o(i.HAL_PCDEx_PMAConfig)
    i.HAL_PCD_DataInStageCallback            0x08000c7a   Section        0  usbd_conf.o(i.HAL_PCD_DataInStageCallback)
    i.HAL_PCD_DataOutStageCallback           0x08000c92   Section        0  usbd_conf.o(i.HAL_PCD_DataOutStageCallback)
    i.HAL_PCD_EP_Close                       0x08000cb0   Section        0  stm32f0xx_hal_pcd.o(i.HAL_PCD_EP_Close)
    i.HAL_PCD_EP_ClrStall                    0x08000e18   Section        0  stm32f0xx_hal_pcd.o(i.HAL_PCD_EP_ClrStall)
    i.HAL_PCD_EP_GetRxCount                  0x08000ecc   Section        0  stm32f0xx_hal_pcd.o(i.HAL_PCD_EP_GetRxCount)
    i.HAL_PCD_EP_Open                        0x08000ee0   Section        0  stm32f0xx_hal_pcd.o(i.HAL_PCD_EP_Open)
    i.HAL_PCD_EP_Receive                     0x08001184   Section        0  stm32f0xx_hal_pcd.o(i.HAL_PCD_EP_Receive)
    i.HAL_PCD_EP_SetStall                    0x080012bc   Section        0  stm32f0xx_hal_pcd.o(i.HAL_PCD_EP_SetStall)
    i.HAL_PCD_EP_Transmit                    0x08001350   Section        0  stm32f0xx_hal_pcd.o(i.HAL_PCD_EP_Transmit)
    i.HAL_PCD_IRQHandler                     0x080014e4   Section        0  stm32f0xx_hal_pcd.o(i.HAL_PCD_IRQHandler)
    i.HAL_PCD_Init                           0x080015f0   Section        0  stm32f0xx_hal_pcd.o(i.HAL_PCD_Init)
    i.HAL_PCD_MspInit                        0x0800168c   Section        0  usbd_conf.o(i.HAL_PCD_MspInit)
    i.HAL_PCD_ResetCallback                  0x080016c4   Section        0  usbd_conf.o(i.HAL_PCD_ResetCallback)
    i.HAL_PCD_ResumeCallback                 0x080016dc   Section        0  usbd_conf.o(i.HAL_PCD_ResumeCallback)
    i.HAL_PCD_SOFCallback                    0x08001708   Section        0  usbd_conf.o(i.HAL_PCD_SOFCallback)
    i.HAL_PCD_SetAddress                     0x08001718   Section        0  stm32f0xx_hal_pcd.o(i.HAL_PCD_SetAddress)
    i.HAL_PCD_SetupStageCallback             0x08001744   Section        0  usbd_conf.o(i.HAL_PCD_SetupStageCallback)
    i.HAL_PCD_Start                          0x0800175a   Section        0  stm32f0xx_hal_pcd.o(i.HAL_PCD_Start)
    i.HAL_PCD_SuspendCallback                0x0800176c   Section        0  usbd_conf.o(i.HAL_PCD_SuspendCallback)
    i.HAL_RCCEx_PeriphCLKConfig              0x08001794   Section        0  stm32f0xx_hal_rcc_ex.o(i.HAL_RCCEx_PeriphCLKConfig)
    i.HAL_RCC_ClockConfig                    0x0800188c   Section        0  stm32f0xx_hal_rcc.o(i.HAL_RCC_ClockConfig)
    i.HAL_RCC_GetHCLKFreq                    0x080019b8   Section        0  stm32f0xx_hal_rcc.o(i.HAL_RCC_GetHCLKFreq)
    i.HAL_RCC_GetSysClockFreq                0x080019c4   Section        0  stm32f0xx_hal_rcc.o(i.HAL_RCC_GetSysClockFreq)
    i.HAL_RCC_OscConfig                      0x08001a34   Section        0  stm32f0xx_hal_rcc.o(i.HAL_RCC_OscConfig)
    i.HAL_SPI_Init                           0x08001d90   Section        0  stm32f0xx_hal_spi.o(i.HAL_SPI_Init)
    i.HAL_SPI_MspInit                        0x08001e48   Section        0  stm32f0xx_hal_msp.o(i.HAL_SPI_MspInit)
    i.HAL_SPI_Receive                        0x08001ea8   Section        0  stm32f0xx_hal_spi.o(i.HAL_SPI_Receive)
    i.HAL_SPI_Transmit                       0x08002000   Section        0  stm32f0xx_hal_spi.o(i.HAL_SPI_Transmit)
    i.HAL_SPI_TransmitReceive                0x08002170   Section        0  stm32f0xx_hal_spi.o(i.HAL_SPI_TransmitReceive)
    i.HAL_SYSTICK_CLKSourceConfig            0x080023b8   Section        0  stm32f0xx_hal_cortex.o(i.HAL_SYSTICK_CLKSourceConfig)
    i.HAL_SYSTICK_Callback                   0x080023d0   Section        0  main.o(i.HAL_SYSTICK_Callback)
    i.HAL_SYSTICK_Config                     0x08002540   Section        0  stm32f0xx_hal_cortex.o(i.HAL_SYSTICK_Config)
    i.HAL_SYSTICK_IRQHandler                 0x08002570   Section        0  stm32f0xx_hal_cortex.o(i.HAL_SYSTICK_IRQHandler)
    i.HAL_TIM_Base_Init                      0x08002578   Section        0  stm32f0xx_hal_tim.o(i.HAL_TIM_Base_Init)
    i.HAL_TIM_Base_MspInit                   0x080025ac   Section        0  stm32f0xx_hal_msp.o(i.HAL_TIM_Base_MspInit)
    i.HardFault_Handler                      0x080025e0   Section        0  stm32f0xx_it.o(i.HardFault_Handler)
    i.InitEnergyIC                           0x080025e4   Section        0  main.o(i.InitEnergyIC)
    i.MX_GPIO_Init                           0x08002800   Section        0  main.o(i.MX_GPIO_Init)
    MX_GPIO_Init                             0x08002801   Thumb Code   254  main.o(i.MX_GPIO_Init)
    i.MX_I2C1_Init                           0x0800291c   Section        0  main.o(i.MX_I2C1_Init)
    MX_I2C1_Init                             0x0800291d   Thumb Code    70  main.o(i.MX_I2C1_Init)
    i.MX_SPI2_Init                           0x08002970   Section        0  main.o(i.MX_SPI2_Init)
    MX_SPI2_Init                             0x08002971   Thumb Code    66  main.o(i.MX_SPI2_Init)
    i.MX_USB_DEVICE_Init                     0x080029bc   Section        0  usb_device.o(i.MX_USB_DEVICE_Init)
    i.NMI_Handler                            0x080029f0   Section        0  stm32f0xx_it.o(i.NMI_Handler)
    i.NVIC_SetPriority                       0x080029f4   Section        0  stm32f0xx_hal_cortex.o(i.NVIC_SetPriority)
    NVIC_SetPriority                         0x080029f5   Thumb Code    60  stm32f0xx_hal_cortex.o(i.NVIC_SetPriority)
    i.PCD_EP_ISR_Handler                     0x08002a38   Section        0  stm32f0xx_hal_pcd.o(i.PCD_EP_ISR_Handler)
    PCD_EP_ISR_Handler                       0x08002a39   Thumb Code   802  stm32f0xx_hal_pcd.o(i.PCD_EP_ISR_Handler)
    i.PCD_ReadPMA                            0x08002d70   Section        0  stm32f0xx_hal_pcd.o(i.PCD_ReadPMA)
    i.PCD_WritePMA                           0x08002d9a   Section        0  stm32f0xx_hal_pcd.o(i.PCD_WritePMA)
    i.PendSV_Handler                         0x08002dc0   Section        0  stm32f0xx_it.o(i.PendSV_Handler)
    i.ReadSetting                            0x08002dc4   Section        0  main.o(i.ReadSetting)
    i.SPI_EndRxTransaction                   0x08002f4c   Section        0  stm32f0xx_hal_spi.o(i.SPI_EndRxTransaction)
    SPI_EndRxTransaction                     0x08002f4d   Thumb Code   120  stm32f0xx_hal_spi.o(i.SPI_EndRxTransaction)
    i.SPI_EndRxTxTransaction                 0x08002fc4   Section        0  stm32f0xx_hal_spi.o(i.SPI_EndRxTxTransaction)
    SPI_EndRxTxTransaction                   0x08002fc5   Thumb Code    76  stm32f0xx_hal_spi.o(i.SPI_EndRxTxTransaction)
    i.SPI_WaitFifoStateUntilTimeout          0x08003010   Section        0  stm32f0xx_hal_spi.o(i.SPI_WaitFifoStateUntilTimeout)
    SPI_WaitFifoStateUntilTimeout            0x08003011   Thumb Code   150  stm32f0xx_hal_spi.o(i.SPI_WaitFifoStateUntilTimeout)
    i.SPI_WaitFlagStateUntilTimeout          0x080030a6   Section        0  stm32f0xx_hal_spi.o(i.SPI_WaitFlagStateUntilTimeout)
    SPI_WaitFlagStateUntilTimeout            0x080030a7   Thumb Code   140  stm32f0xx_hal_spi.o(i.SPI_WaitFlagStateUntilTimeout)
    i.SVC_Handler                            0x08003132   Section        0  stm32f0xx_it.o(i.SVC_Handler)
    i.SysTick_Handler                        0x08003134   Section        0  stm32f0xx_it.o(i.SysTick_Handler)
    i.SystemClock_Config                     0x08003140   Section        0  main.o(i.SystemClock_Config)
    i.SystemInit                             0x080031c8   Section        0  system_stm32f0xx.o(i.SystemInit)
    i.TIM_Base_SetConfig                     0x0800322c   Section        0  stm32f0xx_hal_tim.o(i.TIM_Base_SetConfig)
    i.TM_HD44780_BlinkOff                    0x080032b4   Section        0  main.o(i.TM_HD44780_BlinkOff)
    i.TM_HD44780_BlinkOn                     0x080032d0   Section        0  main.o(i.TM_HD44780_BlinkOn)
    i.TM_HD44780_Clear                       0x080032ec   Section        0  main.o(i.TM_HD44780_Clear)
    i.TM_HD44780_Cmd                         0x08003300   Section        0  main.o(i.TM_HD44780_Cmd)
    TM_HD44780_Cmd                           0x08003301   Thumb Code    38  main.o(i.TM_HD44780_Cmd)
    i.TM_HD44780_Cmd4bit                     0x08003328   Section        0  main.o(i.TM_HD44780_Cmd4bit)
    TM_HD44780_Cmd4bit                       0x08003329   Thumb Code   136  main.o(i.TM_HD44780_Cmd4bit)
    i.TM_HD44780_CursorOff                   0x080033b4   Section        0  main.o(i.TM_HD44780_CursorOff)
    i.TM_HD44780_CursorOn                    0x080033d0   Section        0  main.o(i.TM_HD44780_CursorOn)
    i.TM_HD44780_CursorSet                   0x080033ec   Section        0  main.o(i.TM_HD44780_CursorSet)
    TM_HD44780_CursorSet                     0x080033ed   Thumb Code    40  main.o(i.TM_HD44780_CursorSet)
    i.TM_HD44780_Data                        0x0800341c   Section        0  main.o(i.TM_HD44780_Data)
    TM_HD44780_Data                          0x0800341d   Thumb Code    38  main.o(i.TM_HD44780_Data)
    i.TM_HD44780_DisplayOn                   0x08003444   Section        0  main.o(i.TM_HD44780_DisplayOn)
    i.TM_HD44780_Init                        0x08003460   Section        0  main.o(i.TM_HD44780_Init)
    i.TM_HD44780_Puts                        0x08003570   Section        0  main.o(i.TM_HD44780_Puts)
    i.USBD_CDC_DataIn                        0x080035cc   Section        0  usbd_cdc.o(i.USBD_CDC_DataIn)
    USBD_CDC_DataIn                          0x080035cd   Thumb Code    30  usbd_cdc.o(i.USBD_CDC_DataIn)
    i.USBD_CDC_DataOut                       0x080035ea   Section        0  usbd_cdc.o(i.USBD_CDC_DataOut)
    USBD_CDC_DataOut                         0x080035eb   Thumb Code    52  usbd_cdc.o(i.USBD_CDC_DataOut)
    i.USBD_CDC_DeInit                        0x0800361e   Section        0  usbd_cdc.o(i.USBD_CDC_DeInit)
    USBD_CDC_DeInit                          0x0800361f   Thumb Code    60  usbd_cdc.o(i.USBD_CDC_DeInit)
    i.USBD_CDC_EP0_RxReady                   0x0800365a   Section        0  usbd_cdc.o(i.USBD_CDC_EP0_RxReady)
    USBD_CDC_EP0_RxReady                     0x0800365b   Thumb Code    40  usbd_cdc.o(i.USBD_CDC_EP0_RxReady)
    i.USBD_CDC_GetDeviceQualifierDescriptor  0x08003684   Section        0  usbd_cdc.o(i.USBD_CDC_GetDeviceQualifierDescriptor)
    i.USBD_CDC_GetFSCfgDesc                  0x08003690   Section        0  usbd_cdc.o(i.USBD_CDC_GetFSCfgDesc)
    USBD_CDC_GetFSCfgDesc                    0x08003691   Thumb Code     8  usbd_cdc.o(i.USBD_CDC_GetFSCfgDesc)
    i.USBD_CDC_GetHSCfgDesc                  0x0800369c   Section        0  usbd_cdc.o(i.USBD_CDC_GetHSCfgDesc)
    USBD_CDC_GetHSCfgDesc                    0x0800369d   Thumb Code     8  usbd_cdc.o(i.USBD_CDC_GetHSCfgDesc)
    i.USBD_CDC_GetOtherSpeedCfgDesc          0x080036a8   Section        0  usbd_cdc.o(i.USBD_CDC_GetOtherSpeedCfgDesc)
    USBD_CDC_GetOtherSpeedCfgDesc            0x080036a9   Thumb Code     8  usbd_cdc.o(i.USBD_CDC_GetOtherSpeedCfgDesc)
    i.USBD_CDC_Init                          0x080036b4   Section        0  usbd_cdc.o(i.USBD_CDC_Init)
    USBD_CDC_Init                            0x080036b5   Thumb Code   138  usbd_cdc.o(i.USBD_CDC_Init)
    i.USBD_CDC_ReceivePacket                 0x0800373e   Section        0  usbd_cdc.o(i.USBD_CDC_ReceivePacket)
    i.USBD_CDC_RegisterInterface             0x08003776   Section        0  usbd_cdc.o(i.USBD_CDC_RegisterInterface)
    i.USBD_CDC_SetRxBuffer                   0x0800378a   Section        0  usbd_cdc.o(i.USBD_CDC_SetRxBuffer)
    i.USBD_CDC_SetTxBuffer                   0x0800379e   Section        0  usbd_cdc.o(i.USBD_CDC_SetTxBuffer)
    i.USBD_CDC_Setup                         0x080037b4   Section        0  usbd_cdc.o(i.USBD_CDC_Setup)
    USBD_CDC_Setup                           0x080037b5   Thumb Code   112  usbd_cdc.o(i.USBD_CDC_Setup)
    i.USBD_CDC_TransmitPacket                0x08003828   Section        0  usbd_cdc.o(i.USBD_CDC_TransmitPacket)
    i.USBD_ClrClassConfig                    0x0800385c   Section        0  usbd_core.o(i.USBD_ClrClassConfig)
    i.USBD_CtlContinueRx                     0x0800386c   Section        0  usbd_ioreq.o(i.USBD_CtlContinueRx)
    i.USBD_CtlContinueSendData               0x0800387c   Section        0  usbd_ioreq.o(i.USBD_CtlContinueSendData)
    i.USBD_CtlError                          0x0800388c   Section        0  usbd_ctlreq.o(i.USBD_CtlError)
    i.USBD_CtlPrepareRx                      0x080038a0   Section        0  usbd_ioreq.o(i.USBD_CtlPrepareRx)
    i.USBD_CtlReceiveStatus                  0x080038c0   Section        0  usbd_ioreq.o(i.USBD_CtlReceiveStatus)
    i.USBD_CtlSendData                       0x080038d8   Section        0  usbd_ioreq.o(i.USBD_CtlSendData)
    i.USBD_CtlSendStatus                     0x080038f4   Section        0  usbd_ioreq.o(i.USBD_CtlSendStatus)
    i.USBD_FS_ConfigStrDescriptor            0x0800390c   Section        0  usbd_desc.o(i.USBD_FS_ConfigStrDescriptor)
    i.USBD_FS_DeviceDescriptor               0x0800392c   Section        0  usbd_desc.o(i.USBD_FS_DeviceDescriptor)
    i.USBD_FS_InterfaceStrDescriptor         0x08003938   Section        0  usbd_desc.o(i.USBD_FS_InterfaceStrDescriptor)
    i.USBD_FS_LangIDStrDescriptor            0x0800395c   Section        0  usbd_desc.o(i.USBD_FS_LangIDStrDescriptor)
    i.USBD_FS_ManufacturerStrDescriptor      0x08003968   Section        0  usbd_desc.o(i.USBD_FS_ManufacturerStrDescriptor)
    i.USBD_FS_ProductStrDescriptor           0x08003990   Section        0  usbd_desc.o(i.USBD_FS_ProductStrDescriptor)
    i.USBD_FS_SerialStrDescriptor            0x080039bc   Section        0  usbd_desc.o(i.USBD_FS_SerialStrDescriptor)
    i.USBD_GetDescriptor                     0x080039e0   Section        0  usbd_ctlreq.o(i.USBD_GetDescriptor)
    USBD_GetDescriptor                       0x080039e1   Thumb Code   224  usbd_ctlreq.o(i.USBD_GetDescriptor)
    i.USBD_GetString                         0x08003ac0   Section        0  usbd_ctlreq.o(i.USBD_GetString)
    i.USBD_Init                              0x08003b04   Section        0  usbd_core.o(i.USBD_Init)
    i.USBD_LL_ClearStallEP                   0x08003b36   Section        0  usbd_conf.o(i.USBD_LL_ClearStallEP)
    i.USBD_LL_CloseEP                        0x08003b5c   Section        0  usbd_conf.o(i.USBD_LL_CloseEP)
    i.USBD_LL_DataInStage                    0x08003b82   Section        0  usbd_core.o(i.USBD_LL_DataInStage)
    i.USBD_LL_DataOutStage                   0x08003c38   Section        0  usbd_core.o(i.USBD_LL_DataOutStage)
    i.USBD_LL_GetRxDataSize                  0x08003cac   Section        0  usbd_conf.o(i.USBD_LL_GetRxDataSize)
    i.USBD_LL_Init                           0x08003cbc   Section        0  usbd_conf.o(i.USBD_LL_Init)
    i.USBD_LL_IsStallEP                      0x08003d5c   Section        0  usbd_conf.o(i.USBD_LL_IsStallEP)
    i.USBD_LL_OpenEP                         0x08003d80   Section        0  usbd_conf.o(i.USBD_LL_OpenEP)
    i.USBD_LL_PrepareReceive                 0x08003dac   Section        0  usbd_conf.o(i.USBD_LL_PrepareReceive)
    i.USBD_LL_Reset                          0x08003dd2   Section        0  usbd_core.o(i.USBD_LL_Reset)
    i.USBD_LL_Resume                         0x08003e18   Section        0  usbd_core.o(i.USBD_LL_Resume)
    i.USBD_LL_SOF                            0x08003e24   Section        0  usbd_core.o(i.USBD_LL_SOF)
    i.USBD_LL_SetSpeed                       0x08003e42   Section        0  usbd_core.o(i.USBD_LL_SetSpeed)
    i.USBD_LL_SetUSBAddress                  0x08003e48   Section        0  usbd_conf.o(i.USBD_LL_SetUSBAddress)
    i.USBD_LL_SetupStage                     0x08003e6e   Section        0  usbd_core.o(i.USBD_LL_SetupStage)
    i.USBD_LL_StallEP                        0x08003ecc   Section        0  usbd_conf.o(i.USBD_LL_StallEP)
    i.USBD_LL_Start                          0x08003ef2   Section        0  usbd_conf.o(i.USBD_LL_Start)
    i.USBD_LL_Suspend                        0x08003f18   Section        0  usbd_core.o(i.USBD_LL_Suspend)
    i.USBD_LL_Transmit                       0x08003f28   Section        0  usbd_conf.o(i.USBD_LL_Transmit)
    i.USBD_ParseSetupRequest                 0x08003f4e   Section        0  usbd_ctlreq.o(i.USBD_ParseSetupRequest)
    i.USBD_RegisterClass                     0x08003f76   Section        0  usbd_core.o(i.USBD_RegisterClass)
    i.USBD_SetClassConfig                    0x08003f8c   Section        0  usbd_core.o(i.USBD_SetClassConfig)
    i.USBD_SetConfig                         0x08003fa8   Section        0  usbd_ctlreq.o(i.USBD_SetConfig)
    USBD_SetConfig                           0x08003fa9   Thumb Code   108  usbd_ctlreq.o(i.USBD_SetConfig)
    i.USBD_Start                             0x08004018   Section        0  usbd_core.o(i.USBD_Start)
    i.USBD_StdDevReq                         0x08004022   Section        0  usbd_ctlreq.o(i.USBD_StdDevReq)
    i.USBD_StdEPReq                          0x08004110   Section        0  usbd_ctlreq.o(i.USBD_StdEPReq)
    i.USBD_StdItfReq                         0x080041fa   Section        0  usbd_ctlreq.o(i.USBD_StdItfReq)
    i.USBD_static_free                       0x08004234   Section        0  usbd_conf.o(i.USBD_static_free)
    i.USBD_static_malloc                     0x08004238   Section        0  usbd_conf.o(i.USBD_static_malloc)
    i.USB_IRQHandler                         0x08004240   Section        0  stm32f0xx_it.o(i.USB_IRQHandler)
    i.VRMS_Read                              0x08004250   Section        0  main.o(i.VRMS_Read)
    i._Error_Handler                         0x08004470   Section        0  main.o(i._Error_Handler)
    i.__0sprintf$1                           0x08004474   Section        0  printf1.o(i.__0sprintf$1)
    i.__ARM_clz                              0x0800449c   Section        0  depilogue.o(i.__ARM_clz)
    i.__ARM_common_switch8                   0x080044ca   Section        0  stm32f0xx_hal_tim.o(i.__ARM_common_switch8)
    i.__scatterload_copy                     0x080044e4   Section       14  handlers.o(i.__scatterload_copy)
    i.__scatterload_null                     0x080044f2   Section        2  handlers.o(i.__scatterload_null)
    i.__scatterload_zeroinit                 0x080044f4   Section       14  handlers.o(i.__scatterload_zeroinit)
    i._printf_core                           0x08004504   Section        0  printf1.o(i._printf_core)
    _printf_core                             0x08004505   Thumb Code   332  printf1.o(i._printf_core)
    i._sputc                                 0x08004654   Section        0  printf1.o(i._sputc)
    _sputc                                   0x08004655   Thumb Code    10  printf1.o(i._sputc)
    i.buttonRead                             0x08004660   Section        0  main.o(i.buttonRead)
    i.delay_us                               0x08004d38   Section        0  main.o(i.delay_us)
    i.main                                   0x08004d4c   Section        0  main.o(i.main)
    .constdata                               0x08005154   Section       16  system_stm32f0xx.o(.constdata)
    .data                                    0x20000000   Section        4  system_stm32f0xx.o(.data)
    .data                                    0x20000004   Section        4  stm32f0xx_hal.o(.data)
    .data                                    0x20000008   Section      112  main.o(.data)
    count                                    0x20000018   Data           2  main.o(.data)
    state                                    0x20000048   Data           4  main.o(.data)
    deb                                      0x2000004c   Data           4  main.o(.data)
    HD44780_Opts                             0x20000054   Data           7  main.o(.data)
    .data                                    0x20000078   Section       28  usbd_desc.o(.data)
    .data                                    0x20000094   Section       22  usbd_desc.o(.data)
    .data                                    0x200000ac   Section       16  usbd_cdc_if.o(.data)
    .data                                    0x200000bc   Section        1  usbd_ctlreq.o(.data)
    cfgidx                                   0x200000bc   Data           1  usbd_ctlreq.o(.data)
    .data                                    0x200000c0   Section      219  usbd_cdc.o(.data)
    ifalt                                    0x200000c0   Data           1  usbd_cdc.o(.data)
    USBD_CDC_DeviceQualifierDesc             0x200000c4   Data          10  usbd_cdc.o(.data)
    .data                                    0x2000019c   Section       56  usbd_cdc.o(.data)
    .bss                                     0x200001d4   Section      400  main.o(.bss)
    .bss                                     0x20000364   Section      512  usbd_desc.o(.bss)
    .bss                                     0x20000564   Section     1088  usbd_conf.o(.bss)
    mem                                      0x20000564   Data         544  usbd_conf.o(.bss)
    .bss                                     0x200009a4   Section      548  usb_device.o(.bss)
    .bss                                     0x20000bc8   Section      200  usbd_cdc_if.o(.bss)
    STACK                                    0x20000c90   Section     1024  startup_stm32f070xb.o(STACK)

    Global Symbols

    Symbol Name                              Value     Ov Type        Size  Object(Section)

    BuildAttributes$$THM_ISAv3M$S$PE$A:L22$X:L11$S22$IEEE1$IW$USESV6$~STKCKD$USESV7$~SHL$OSPACE$ROPI$EBA8$MICROLIB$REQ8$PRES8$EABIv2 0x00000000   Number         0  anon$$obj.o ABSOLUTE
    __ARM_use_no_argv                        0x00000000   Number         0  main.o ABSOLUTE
    _printf_a                                0x00000000   Number         0  stubs.o ABSOLUTE
    _printf_c                                0x00000000   Number         0  stubs.o ABSOLUTE
    _printf_charcount                        0x00000000   Number         0  stubs.o ABSOLUTE
    _printf_d                                0x00000000   Number         0  stubs.o ABSOLUTE
    _printf_e                                0x00000000   Number         0  stubs.o ABSOLUTE
    _printf_f                                0x00000000   Number         0  stubs.o ABSOLUTE
    _printf_flags                            0x00000000   Number         0  stubs.o ABSOLUTE
    _printf_fp_dec                           0x00000000   Number         0  stubs.o ABSOLUTE
    _printf_fp_hex                           0x00000000   Number         0  stubs.o ABSOLUTE
    _printf_g                                0x00000000   Number         0  stubs.o ABSOLUTE
    _printf_i                                0x00000000   Number         0  stubs.o ABSOLUTE
    _printf_int_dec                          0x00000000   Number         0  stubs.o ABSOLUTE
    _printf_l                                0x00000000   Number         0  stubs.o ABSOLUTE
    _printf_lc                               0x00000000   Number         0  stubs.o ABSOLUTE
    _printf_ll                               0x00000000   Number         0  stubs.o ABSOLUTE
    _printf_lld                              0x00000000   Number         0  stubs.o ABSOLUTE
    _printf_lli                              0x00000000   Number         0  stubs.o ABSOLUTE
    _printf_llo                              0x00000000   Number         0  stubs.o ABSOLUTE
    _printf_llu                              0x00000000   Number         0  stubs.o ABSOLUTE
    _printf_llx                              0x00000000   Number         0  stubs.o ABSOLUTE
    _printf_longlong_dec                     0x00000000   Number         0  stubs.o ABSOLUTE
    _printf_longlong_hex                     0x00000000   Number         0  stubs.o ABSOLUTE
    _printf_longlong_oct                     0x00000000   Number         0  stubs.o ABSOLUTE
    _printf_ls                               0x00000000   Number         0  stubs.o ABSOLUTE
    _printf_mbtowc                           0x00000000   Number         0  stubs.o ABSOLUTE
    _printf_n                                0x00000000   Number         0  stubs.o ABSOLUTE
    _printf_o                                0x00000000   Number         0  stubs.o ABSOLUTE
    _printf_p                                0x00000000   Number         0  stubs.o ABSOLUTE
    _printf_percent                          0x00000000   Number         0  stubs.o ABSOLUTE
    _printf_pre_padding                      0x00000000   Number         0  stubs.o ABSOLUTE
    _printf_return_value                     0x00000000   Number         0  stubs.o ABSOLUTE
    _printf_s                                0x00000000   Number         0  stubs.o ABSOLUTE
    _printf_sizespec                         0x00000000   Number         0  stubs.o ABSOLUTE
    _printf_str                              0x00000000   Number         0  stubs.o ABSOLUTE
    _printf_truncate_signed                  0x00000000   Number         0  stubs.o ABSOLUTE
    _printf_truncate_unsigned                0x00000000   Number         0  stubs.o ABSOLUTE
    _printf_u                                0x00000000   Number         0  stubs.o ABSOLUTE
    _printf_wc                               0x00000000   Number         0  stubs.o ABSOLUTE
    _printf_wctomb                           0x00000000   Number         0  stubs.o ABSOLUTE
    _printf_widthprec                        0x00000000   Number         0  stubs.o ABSOLUTE
    _printf_x                                0x00000000   Number         0  stubs.o ABSOLUTE
    __cpp_initialize__aeabi_                  - Undefined Weak Reference
    __cxa_finalize                            - Undefined Weak Reference
    _clock_init                               - Undefined Weak Reference
    _microlib_exit                            - Undefined Weak Reference
    __Vectors_Size                           0x000000c0   Number         0  startup_stm32f070xb.o ABSOLUTE
    __Vectors                                0x08000000   Data           4  startup_stm32f070xb.o(RESET)
    __Vectors_End                            0x080000c0   Data           0  startup_stm32f070xb.o(RESET)
    __main                                   0x080000c1   Thumb Code     0  entry.o(.ARM.Collect$$$$00000000)
    _main_stk                                0x080000c1   Thumb Code     0  entry2.o(.ARM.Collect$$$$00000001)
    _main_scatterload                        0x080000c5   Thumb Code     0  entry5.o(.ARM.Collect$$$$00000004)
    __main_after_scatterload                 0x080000c9   Thumb Code     0  entry5.o(.ARM.Collect$$$$00000004)
    _main_clock                              0x080000c9   Thumb Code     0  entry7b.o(.ARM.Collect$$$$00000008)
    _main_cpp_init                           0x080000c9   Thumb Code     0  entry8b.o(.ARM.Collect$$$$0000000A)
    _main_init                               0x080000c9   Thumb Code     0  entry9a.o(.ARM.Collect$$$$0000000B)
    __rt_final_cpp                           0x080000d1   Thumb Code     0  entry10a.o(.ARM.Collect$$$$0000000D)
    __rt_final_exit                          0x080000d1   Thumb Code     0  entry11a.o(.ARM.Collect$$$$0000000F)
    Reset_Handler                            0x080000d5   Thumb Code     8  startup_stm32f070xb.o(.text)
    ADC1_IRQHandler                          0x080000e7   Thumb Code     0  startup_stm32f070xb.o(.text)
    DMA1_Channel1_IRQHandler                 0x080000e7   Thumb Code     0  startup_stm32f070xb.o(.text)
    DMA1_Channel2_3_IRQHandler               0x080000e7   Thumb Code     0  startup_stm32f070xb.o(.text)
    DMA1_Channel4_5_IRQHandler               0x080000e7   Thumb Code     0  startup_stm32f070xb.o(.text)
    EXTI0_1_IRQHandler                       0x080000e7   Thumb Code     0  startup_stm32f070xb.o(.text)
    EXTI2_3_IRQHandler                       0x080000e7   Thumb Code     0  startup_stm32f070xb.o(.text)
    FLASH_IRQHandler                         0x080000e7   Thumb Code     0  startup_stm32f070xb.o(.text)
    I2C1_IRQHandler                          0x080000e7   Thumb Code     0  startup_stm32f070xb.o(.text)
    I2C2_IRQHandler                          0x080000e7   Thumb Code     0  startup_stm32f070xb.o(.text)
    RCC_IRQHandler                           0x080000e7   Thumb Code     0  startup_stm32f070xb.o(.text)
    RTC_IRQHandler                           0x080000e7   Thumb Code     0  startup_stm32f070xb.o(.text)
    SPI1_IRQHandler                          0x080000e7   Thumb Code     0  startup_stm32f070xb.o(.text)
    SPI2_IRQHandler                          0x080000e7   Thumb Code     0  startup_stm32f070xb.o(.text)
    TIM14_IRQHandler                         0x080000e7   Thumb Code     0  startup_stm32f070xb.o(.text)
    TIM15_IRQHandler                         0x080000e7   Thumb Code     0  startup_stm32f070xb.o(.text)
    TIM16_IRQHandler                         0x080000e7   Thumb Code     0  startup_stm32f070xb.o(.text)
    TIM17_IRQHandler                         0x080000e7   Thumb Code     0  startup_stm32f070xb.o(.text)
    TIM1_BRK_UP_TRG_COM_IRQHandler           0x080000e7   Thumb Code     0  startup_stm32f070xb.o(.text)
    TIM1_CC_IRQHandler                       0x080000e7   Thumb Code     0  startup_stm32f070xb.o(.text)
    TIM3_IRQHandler                          0x080000e7   Thumb Code     0  startup_stm32f070xb.o(.text)
    TIM6_IRQHandler                          0x080000e7   Thumb Code     0  startup_stm32f070xb.o(.text)
    TIM7_IRQHandler                          0x080000e7   Thumb Code     0  startup_stm32f070xb.o(.text)
    USART1_IRQHandler                        0x080000e7   Thumb Code     0  startup_stm32f070xb.o(.text)
    USART2_IRQHandler                        0x080000e7   Thumb Code     0  startup_stm32f070xb.o(.text)
    USART3_4_IRQHandler                      0x080000e7   Thumb Code     0  startup_stm32f070xb.o(.text)
    WWDG_IRQHandler                          0x080000e7   Thumb Code     0  startup_stm32f070xb.o(.text)
    __aeabi_uidiv                            0x080000f1   Thumb Code     0  uidiv.o(.text)
    __aeabi_uidivmod                         0x080000f1   Thumb Code    44  uidiv.o(.text)
    __aeabi_llsr                             0x0800011d   Thumb Code    34  llushr.o(.text)
    _ll_ushift_r                             0x0800011d   Thumb Code     0  llushr.o(.text)
    __aeabi_ddiv                             0x08000141   Thumb Code   234  ddiv.o(.text)
    __aeabi_ui2d                             0x08000231   Thumb Code    24  dfltui.o(.text)
    __aeabi_d2uiz                            0x0800024d   Thumb Code    50  dfixui.o(.text)
    __aeabi_cdcmpeq                          0x08000289   Thumb Code     0  cdcmple.o(.text)
    __aeabi_cdcmple                          0x08000289   Thumb Code    38  cdcmple.o(.text)
    __I$use$fp                               0x080002b1   Thumb Code     0  iusefp.o(.text)
    _double_round                            0x080002b1   Thumb Code    26  depilogue.o(.text)
    _double_epilogue                         0x080002cb   Thumb Code   164  depilogue.o(.text)
    __scatterload                            0x08000371   Thumb Code    28  init.o(.text)
    __scatterload_rt2                        0x08000371   Thumb Code     0  init.o(.text)
    __aeabi_llsl                             0x08000395   Thumb Code    32  llshl.o(.text)
    _ll_shift_l                              0x08000395   Thumb Code     0  llshl.o(.text)
    __decompress                             0x080003b5   Thumb Code     0  __dczerorl2.o(.text)
    __decompress1                            0x080003b5   Thumb Code    86  __dczerorl2.o(.text)
    Beep                                     0x0800040d   Thumb Code    42  main.o(i.Beep)
    CDC_Transmit_FS                          0x08000485   Thumb Code    40  usbd_cdc_if.o(i.CDC_Transmit_FS)
    CommEnergyIC                             0x080004b5   Thumb Code   126  main.o(i.CommEnergyIC)
    EEPROMWriteInt                           0x0800053d   Thumb Code    12  main.o(i.EEPROMWriteInt)
    EXTI4_15_IRQHandler                      0x0800054d   Thumb Code    12  stm32f0xx_it.o(i.EXTI4_15_IRQHandler)
    FlashErase                               0x08000559   Thumb Code    92  main.o(i.FlashErase)
    FlashWrite                               0x080005bd   Thumb Code   138  main.o(i.FlashWrite)
    GetLineVoltageA                          0x08000655   Thumb Code    26  main.o(i.GetLineVoltageA)
    GetLineVoltageB                          0x08000679   Thumb Code    26  main.o(i.GetLineVoltageB)
    GetSysStatus0                            0x0800069d   Thumb Code    14  main.o(i.GetSysStatus0)
    HAL_Delay                                0x080006b1   Thumb Code    28  stm32f0xx_hal.o(i.HAL_Delay)
    HAL_FLASH_Unlock                         0x080006cd   Thumb Code    24  stm32f0xx_hal_flash.o(i.HAL_FLASH_Unlock)
    HAL_GPIO_EXTI_Callback                   0x080006f1   Thumb Code   270  main.o(i.HAL_GPIO_EXTI_Callback)
    HAL_GPIO_EXTI_IRQHandler                 0x08000811   Thumb Code    18  stm32f0xx_hal_gpio.o(i.HAL_GPIO_EXTI_IRQHandler)
    HAL_GPIO_Init                            0x08000829   Thumb Code   302  stm32f0xx_hal_gpio.o(i.HAL_GPIO_Init)
    HAL_GPIO_ReadPin                         0x08000971   Thumb Code    10  stm32f0xx_hal_gpio.o(i.HAL_GPIO_ReadPin)
    HAL_GPIO_WritePin                        0x0800097b   Thumb Code    12  stm32f0xx_hal_gpio.o(i.HAL_GPIO_WritePin)
    HAL_GetTick                              0x08000989   Thumb Code     6  stm32f0xx_hal.o(i.HAL_GetTick)
    HAL_I2CEx_ConfigAnalogFilter             0x08000995   Thumb Code    74  stm32f0xx_hal_i2c_ex.o(i.HAL_I2CEx_ConfigAnalogFilter)
    HAL_I2CEx_ConfigDigitalFilter            0x080009df   Thumb Code    72  stm32f0xx_hal_i2c_ex.o(i.HAL_I2CEx_ConfigDigitalFilter)
    HAL_I2C_Init                             0x08000a29   Thumb Code   176  stm32f0xx_hal_i2c.o(i.HAL_I2C_Init)
    HAL_I2C_MspInit                          0x08000add   Thumb Code    60  stm32f0xx_hal_msp.o(i.HAL_I2C_MspInit)
    HAL_IWDG_Init                            0x08000b25   Thumb Code    86  stm32f0xx_hal_iwdg.o(i.HAL_IWDG_Init)
    HAL_IWDG_Refresh                         0x08000b89   Thumb Code    10  stm32f0xx_hal_iwdg.o(i.HAL_IWDG_Refresh)
    HAL_IncTick                              0x08000b99   Thumb Code    10  stm32f0xx_hal.o(i.HAL_IncTick)
    HAL_Init                                 0x08000ba9   Thumb Code    26  stm32f0xx_hal.o(i.HAL_Init)
    HAL_InitTick                             0x08000bc9   Thumb Code    34  stm32f0xx_hal.o(i.HAL_InitTick)
    HAL_MspInit                              0x08000bed   Thumb Code    50  stm32f0xx_hal_msp.o(i.HAL_MspInit)
    HAL_NVIC_EnableIRQ                       0x08000c25   Thumb Code    14  stm32f0xx_hal_cortex.o(i.HAL_NVIC_EnableIRQ)
    HAL_NVIC_SetPriority                     0x08000c39   Thumb Code     8  stm32f0xx_hal_cortex.o(i.HAL_NVIC_SetPriority)
    HAL_PCDEx_PMAConfig                      0x08000c41   Thumb Code    58  stm32f0xx_hal_pcd_ex.o(i.HAL_PCDEx_PMAConfig)
    HAL_PCD_DataInStageCallback              0x08000c7b   Thumb Code    24  usbd_conf.o(i.HAL_PCD_DataInStageCallback)
    HAL_PCD_DataOutStageCallback             0x08000c93   Thumb Code    28  usbd_conf.o(i.HAL_PCD_DataOutStageCallback)
    HAL_PCD_EP_Close                         0x08000cb1   Thumb Code   346  stm32f0xx_hal_pcd.o(i.HAL_PCD_EP_Close)
    HAL_PCD_EP_ClrStall                      0x08000e19   Thumb Code   166  stm32f0xx_hal_pcd.o(i.HAL_PCD_EP_ClrStall)
    HAL_PCD_EP_GetRxCount                    0x08000ecd   Thumb Code    20  stm32f0xx_hal_pcd.o(i.HAL_PCD_EP_GetRxCount)
    HAL_PCD_EP_Open                          0x08000ee1   Thumb Code   652  stm32f0xx_hal_pcd.o(i.HAL_PCD_EP_Open)
    HAL_PCD_EP_Receive                       0x08001185   Thumb Code   298  stm32f0xx_hal_pcd.o(i.HAL_PCD_EP_Receive)
    HAL_PCD_EP_SetStall                      0x080012bd   Thumb Code   136  stm32f0xx_hal_pcd.o(i.HAL_PCD_EP_SetStall)
    HAL_PCD_EP_Transmit                      0x08001351   Thumb Code   386  stm32f0xx_hal_pcd.o(i.HAL_PCD_EP_Transmit)
    HAL_PCD_IRQHandler                       0x080014e5   Thumb Code   238  stm32f0xx_hal_pcd.o(i.HAL_PCD_IRQHandler)
    HAL_PCD_Init                             0x080015f1   Thumb Code   154  stm32f0xx_hal_pcd.o(i.HAL_PCD_Init)
    HAL_PCD_MspInit                          0x0800168d   Thumb Code    46  usbd_conf.o(i.HAL_PCD_MspInit)
    HAL_PCD_ResetCallback                    0x080016c5   Thumb Code    24  usbd_conf.o(i.HAL_PCD_ResetCallback)
    HAL_PCD_ResumeCallback                   0x080016dd   Thumb Code    38  usbd_conf.o(i.HAL_PCD_ResumeCallback)
    HAL_PCD_SOFCallback                      0x08001709   Thumb Code    16  usbd_conf.o(i.HAL_PCD_SOFCallback)
    HAL_PCD_SetAddress                       0x08001719   Thumb Code    44  stm32f0xx_hal_pcd.o(i.HAL_PCD_SetAddress)
    HAL_PCD_SetupStageCallback               0x08001745   Thumb Code    22  usbd_conf.o(i.HAL_PCD_SetupStageCallback)
    HAL_PCD_Start                            0x0800175b   Thumb Code    18  stm32f0xx_hal_pcd.o(i.HAL_PCD_Start)
    HAL_PCD_SuspendCallback                  0x0800176d   Thumb Code    34  usbd_conf.o(i.HAL_PCD_SuspendCallback)
    HAL_RCCEx_PeriphCLKConfig                0x08001795   Thumb Code   236  stm32f0xx_hal_rcc_ex.o(i.HAL_RCCEx_PeriphCLKConfig)
    HAL_RCC_ClockConfig                      0x0800188d   Thumb Code   280  stm32f0xx_hal_rcc.o(i.HAL_RCC_ClockConfig)
    HAL_RCC_GetHCLKFreq                      0x080019b9   Thumb Code     6  stm32f0xx_hal_rcc.o(i.HAL_RCC_GetHCLKFreq)
    HAL_RCC_GetSysClockFreq                  0x080019c5   Thumb Code    70  stm32f0xx_hal_rcc.o(i.HAL_RCC_GetSysClockFreq)
    HAL_RCC_OscConfig                        0x08001a35   Thumb Code   846  stm32f0xx_hal_rcc.o(i.HAL_RCC_OscConfig)
    HAL_SPI_Init                             0x08001d91   Thumb Code   184  stm32f0xx_hal_spi.o(i.HAL_SPI_Init)
    HAL_SPI_MspInit                          0x08001e49   Thumb Code    82  stm32f0xx_hal_msp.o(i.HAL_SPI_MspInit)
    HAL_SPI_Receive                          0x08001ea9   Thumb Code   344  stm32f0xx_hal_spi.o(i.HAL_SPI_Receive)
    HAL_SPI_Transmit                         0x08002001   Thumb Code   368  stm32f0xx_hal_spi.o(i.HAL_SPI_Transmit)
    HAL_SPI_TransmitReceive                  0x08002171   Thumb Code   584  stm32f0xx_hal_spi.o(i.HAL_SPI_TransmitReceive)
    HAL_SYSTICK_CLKSourceConfig              0x080023b9   Thumb Code    20  stm32f0xx_hal_cortex.o(i.HAL_SYSTICK_CLKSourceConfig)
    HAL_SYSTICK_Callback                     0x080023d1   Thumb Code   350  main.o(i.HAL_SYSTICK_Callback)
    HAL_SYSTICK_Config                       0x08002541   Thumb Code    38  stm32f0xx_hal_cortex.o(i.HAL_SYSTICK_Config)
    HAL_SYSTICK_IRQHandler                   0x08002571   Thumb Code     8  stm32f0xx_hal_cortex.o(i.HAL_SYSTICK_IRQHandler)
    HAL_TIM_Base_Init                        0x08002579   Thumb Code    52  stm32f0xx_hal_tim.o(i.HAL_TIM_Base_Init)
    HAL_TIM_Base_MspInit                     0x080025ad   Thumb Code    40  stm32f0xx_hal_msp.o(i.HAL_TIM_Base_MspInit)
    HardFault_Handler                        0x080025e1   Thumb Code     2  stm32f0xx_it.o(i.HardFault_Handler)
    InitEnergyIC                             0x080025e5   Thumb Code   480  main.o(i.InitEnergyIC)
    MX_USB_DEVICE_Init                       0x080029bd   Thumb Code    36  usb_device.o(i.MX_USB_DEVICE_Init)
    NMI_Handler                              0x080029f1   Thumb Code     2  stm32f0xx_it.o(i.NMI_Handler)
    PCD_ReadPMA                              0x08002d71   Thumb Code    42  stm32f0xx_hal_pcd.o(i.PCD_ReadPMA)
    PCD_WritePMA                             0x08002d9b   Thumb Code    38  stm32f0xx_hal_pcd.o(i.PCD_WritePMA)
    PendSV_Handler                           0x08002dc1   Thumb Code     2  stm32f0xx_it.o(i.PendSV_Handler)
    ReadSetting                              0x08002dc5   Thumb Code   358  main.o(i.ReadSetting)
    SVC_Handler                              0x08003133   Thumb Code     2  stm32f0xx_it.o(i.SVC_Handler)
    SysTick_Handler                          0x08003135   Thumb Code    12  stm32f0xx_it.o(i.SysTick_Handler)
    SystemClock_Config                       0x08003141   Thumb Code   130  main.o(i.SystemClock_Config)
    SystemInit                               0x080031c9   Thumb Code    86  system_stm32f0xx.o(i.SystemInit)
    TIM_Base_SetConfig                       0x0800322d   Thumb Code   112  stm32f0xx_hal_tim.o(i.TIM_Base_SetConfig)
    TM_HD44780_BlinkOff                      0x080032b5   Thumb Code    22  main.o(i.TM_HD44780_BlinkOff)
    TM_HD44780_BlinkOn                       0x080032d1   Thumb Code    22  main.o(i.TM_HD44780_BlinkOn)
    TM_HD44780_Clear                         0x080032ed   Thumb Code    16  main.o(i.TM_HD44780_Clear)
    TM_HD44780_CursorOff                     0x080033b5   Thumb Code    22  main.o(i.TM_HD44780_CursorOff)
    TM_HD44780_CursorOn                      0x080033d1   Thumb Code    22  main.o(i.TM_HD44780_CursorOn)
    TM_HD44780_DisplayOn                     0x08003445   Thumb Code    22  main.o(i.TM_HD44780_DisplayOn)
    TM_HD44780_Init                          0x08003461   Thumb Code   260  main.o(i.TM_HD44780_Init)
    TM_HD44780_Puts                          0x08003571   Thumb Code    88  main.o(i.TM_HD44780_Puts)
    USBD_CDC_GetDeviceQualifierDescriptor    0x08003685   Thumb Code     8  usbd_cdc.o(i.USBD_CDC_GetDeviceQualifierDescriptor)
    USBD_CDC_ReceivePacket                   0x0800373f   Thumb Code    56  usbd_cdc.o(i.USBD_CDC_ReceivePacket)
    USBD_CDC_RegisterInterface               0x08003777   Thumb Code    20  usbd_cdc.o(i.USBD_CDC_RegisterInterface)
    USBD_CDC_SetRxBuffer                     0x0800378b   Thumb Code    20  usbd_cdc.o(i.USBD_CDC_SetRxBuffer)
    USBD_CDC_SetTxBuffer                     0x0800379f   Thumb Code    22  usbd_cdc.o(i.USBD_CDC_SetTxBuffer)
    USBD_CDC_TransmitPacket                  0x08003829   Thumb Code    52  usbd_cdc.o(i.USBD_CDC_TransmitPacket)
    USBD_ClrClassConfig                      0x0800385d   Thumb Code    16  usbd_core.o(i.USBD_ClrClassConfig)
    USBD_CtlContinueRx                       0x0800386d   Thumb Code    16  usbd_ioreq.o(i.USBD_CtlContinueRx)
    USBD_CtlContinueSendData                 0x0800387d   Thumb Code    16  usbd_ioreq.o(i.USBD_CtlContinueSendData)
    USBD_CtlError                            0x0800388d   Thumb Code    20  usbd_ctlreq.o(i.USBD_CtlError)
    USBD_CtlPrepareRx                        0x080038a1   Thumb Code    32  usbd_ioreq.o(i.USBD_CtlPrepareRx)
    USBD_CtlReceiveStatus                    0x080038c1   Thumb Code    24  usbd_ioreq.o(i.USBD_CtlReceiveStatus)
    USBD_CtlSendData                         0x080038d9   Thumb Code    28  usbd_ioreq.o(i.USBD_CtlSendData)
    USBD_CtlSendStatus                       0x080038f5   Thumb Code    24  usbd_ioreq.o(i.USBD_CtlSendStatus)
    USBD_FS_ConfigStrDescriptor              0x0800390d   Thumb Code    16  usbd_desc.o(i.USBD_FS_ConfigStrDescriptor)
    USBD_FS_DeviceDescriptor                 0x0800392d   Thumb Code     8  usbd_desc.o(i.USBD_FS_DeviceDescriptor)
    USBD_FS_InterfaceStrDescriptor           0x08003939   Thumb Code    16  usbd_desc.o(i.USBD_FS_InterfaceStrDescriptor)
    USBD_FS_LangIDStrDescriptor              0x0800395d   Thumb Code     8  usbd_desc.o(i.USBD_FS_LangIDStrDescriptor)
    USBD_FS_ManufacturerStrDescriptor        0x08003969   Thumb Code    16  usbd_desc.o(i.USBD_FS_ManufacturerStrDescriptor)
    USBD_FS_ProductStrDescriptor             0x08003991   Thumb Code    16  usbd_desc.o(i.USBD_FS_ProductStrDescriptor)
    USBD_FS_SerialStrDescriptor              0x080039bd   Thumb Code    16  usbd_desc.o(i.USBD_FS_SerialStrDescriptor)
    USBD_GetString                           0x08003ac1   Thumb Code    68  usbd_ctlreq.o(i.USBD_GetString)
    USBD_Init                                0x08003b05   Thumb Code    50  usbd_core.o(i.USBD_Init)
    USBD_LL_ClearStallEP                     0x08003b37   Thumb Code    38  usbd_conf.o(i.USBD_LL_ClearStallEP)
    USBD_LL_CloseEP                          0x08003b5d   Thumb Code    38  usbd_conf.o(i.USBD_LL_CloseEP)
    USBD_LL_DataInStage                      0x08003b83   Thumb Code   182  usbd_core.o(i.USBD_LL_DataInStage)
    USBD_LL_DataOutStage                     0x08003c39   Thumb Code   116  usbd_core.o(i.USBD_LL_DataOutStage)
    USBD_LL_GetRxDataSize                    0x08003cad   Thumb Code    16  usbd_conf.o(i.USBD_LL_GetRxDataSize)
    USBD_LL_Init                             0x08003cbd   Thumb Code   128  usbd_conf.o(i.USBD_LL_Init)
    USBD_LL_IsStallEP                        0x08003d5d   Thumb Code    36  usbd_conf.o(i.USBD_LL_IsStallEP)
    USBD_LL_OpenEP                           0x08003d81   Thumb Code    44  usbd_conf.o(i.USBD_LL_OpenEP)
    USBD_LL_PrepareReceive                   0x08003dad   Thumb Code    38  usbd_conf.o(i.USBD_LL_PrepareReceive)
    USBD_LL_Reset                            0x08003dd3   Thumb Code    70  usbd_core.o(i.USBD_LL_Reset)
    USBD_LL_Resume                           0x08003e19   Thumb Code    12  usbd_core.o(i.USBD_LL_Resume)
    USBD_LL_SOF                              0x08003e25   Thumb Code    30  usbd_core.o(i.USBD_LL_SOF)
    USBD_LL_SetSpeed                         0x08003e43   Thumb Code     6  usbd_core.o(i.USBD_LL_SetSpeed)
    USBD_LL_SetUSBAddress                    0x08003e49   Thumb Code    38  usbd_conf.o(i.USBD_LL_SetUSBAddress)
    USBD_LL_SetupStage                       0x08003e6f   Thumb Code    94  usbd_core.o(i.USBD_LL_SetupStage)
    USBD_LL_StallEP                          0x08003ecd   Thumb Code    38  usbd_conf.o(i.USBD_LL_StallEP)
    USBD_LL_Start                            0x08003ef3   Thumb Code    38  usbd_conf.o(i.USBD_LL_Start)
    USBD_LL_Suspend                          0x08003f19   Thumb Code    16  usbd_core.o(i.USBD_LL_Suspend)
    USBD_LL_Transmit                         0x08003f29   Thumb Code    38  usbd_conf.o(i.USBD_LL_Transmit)
    USBD_ParseSetupRequest                   0x08003f4f   Thumb Code    40  usbd_ctlreq.o(i.USBD_ParseSetupRequest)
    USBD_RegisterClass                       0x08003f77   Thumb Code    22  usbd_core.o(i.USBD_RegisterClass)
    USBD_SetClassConfig                      0x08003f8d   Thumb Code    28  usbd_core.o(i.USBD_SetClassConfig)
    USBD_Start                               0x08004019   Thumb Code    10  usbd_core.o(i.USBD_Start)
    USBD_StdDevReq                           0x08004023   Thumb Code   238  usbd_ctlreq.o(i.USBD_StdDevReq)
    USBD_StdEPReq                            0x08004111   Thumb Code   234  usbd_ctlreq.o(i.USBD_StdEPReq)
    USBD_StdItfReq                           0x080041fb   Thumb Code    58  usbd_ctlreq.o(i.USBD_StdItfReq)
    USBD_static_free                         0x08004235   Thumb Code     2  usbd_conf.o(i.USBD_static_free)
    USBD_static_malloc                       0x08004239   Thumb Code     4  usbd_conf.o(i.USBD_static_malloc)
    USB_IRQHandler                           0x08004241   Thumb Code    10  stm32f0xx_it.o(i.USB_IRQHandler)
    VRMS_Read                                0x08004251   Thumb Code   518  main.o(i.VRMS_Read)
    _Error_Handler                           0x08004471   Thumb Code     2  main.o(i._Error_Handler)
    __0sprintf$1                             0x08004475   Thumb Code    36  printf1.o(i.__0sprintf$1)
    __1sprintf$1                             0x08004475   Thumb Code     0  printf1.o(i.__0sprintf$1)
    __2sprintf                               0x08004475   Thumb Code     0  printf1.o(i.__0sprintf$1)
    __ARM_clz                                0x0800449d   Thumb Code    46  depilogue.o(i.__ARM_clz)
    __ARM_common_switch8                     0x080044cb   Thumb Code    26  stm32f0xx_hal_tim.o(i.__ARM_common_switch8)
    __scatterload_copy                       0x080044e5   Thumb Code    14  handlers.o(i.__scatterload_copy)
    __scatterload_null                       0x080044f3   Thumb Code     2  handlers.o(i.__scatterload_null)
    __scatterload_zeroinit                   0x080044f5   Thumb Code    14  handlers.o(i.__scatterload_zeroinit)
    buttonRead                               0x08004661   Thumb Code  1588  main.o(i.buttonRead)
    delay_us                                 0x08004d39   Thumb Code    20  main.o(i.delay_us)
    main                                     0x08004d4d   Thumb Code   896  main.o(i.main)
    AHBPrescTable                            0x08005154   Data          16  system_stm32f0xx.o(.constdata)
    Region$$Table$$Base                      0x08005164   Number         0  anon$$obj.o(Region$$Table)
    Region$$Table$$Limit                     0x08005184   Number         0  anon$$obj.o(Region$$Table)
    SystemCoreClock                          0x20000000   Data           4  system_stm32f0xx.o(.data)
    uwTick                                   0x20000004   Data           4  stm32f0xx_hal.o(.data)
    ReadVolt                                 0x20000008   Data           1  main.o(.data)
    ChangshowVolt                            0x20000009   Data           1  main.o(.data)
    TranferFlag                              0x2000000a   Data           1  main.o(.data)
    set_mode                                 0x2000000b   Data           1  main.o(.data)
    Timer_flag                               0x2000000c   Data           1  main.o(.data)
    Send7ment                                0x2000000d   Data           1  main.o(.data)
    mode                                     0x2000000e   Data           2  main.o(.data)
    State                                    0x20000010   Data           2  main.o(.data)
    UnderResTimeCount                        0x20000012   Data           2  main.o(.data)
    UnderTimeCount                           0x20000014   Data           2  main.o(.data)
    StartMeasureCount                        0x20000016   Data           2  main.o(.data)
    VA                                       0x2000001a   Data           2  main.o(.data)
    VB                                       0x2000001c   Data           2  main.o(.data)
    FRE                                      0x2000001e   Data           2  main.o(.data)
    VRMS_a                                   0x20000020   Data           2  main.o(.data)
    VRMS_b                                   0x20000022   Data           2  main.o(.data)
    VRMS_SUM                                 0x20000024   Data           2  main.o(.data)
    menuCount                                0x20000026   Data           2  main.o(.data)
    UnderResTimSetValue                      0x20000028   Data           2  main.o(.data)
    UnderTimSetValue                         0x2000002a   Data           2  main.o(.data)
    UnderValue                               0x2000002c   Data           2  main.o(.data)
    UnderResValue                            0x2000002e   Data           2  main.o(.data)
    SourceValue                              0x20000030   Data           2  main.o(.data)
    BacklightTime                            0x20000034   Data           4  main.o(.data)
    displayCount                             0x20000038   Data           4  main.o(.data)
    hysteresisRLY                            0x2000003c   Data           4  main.o(.data)
    ShowLCD                                  0x20000040   Data           4  main.o(.data)
    TIMER_Flag                               0x20000044   Data           4  main.o(.data)
    flash_dot                                0x20000050   Data           4  main.o(.data)
    rmsA                                     0x20000060   Data           8  main.o(.data)
    rmsB                                     0x20000068   Data           8  main.o(.data)
    freq                                     0x20000070   Data           8  main.o(.data)
    FS_Desc                                  0x20000078   Data          28  usbd_desc.o(.data)
    USBD_LangIDDesc                          0x20000094   Data           4  usbd_desc.o(.data)
    USBD_FS_DeviceDesc                       0x20000098   Data          18  usbd_desc.o(.data)
    USBD_Interface_fops_FS                   0x200000ac   Data          16  usbd_cdc_if.o(.data)
    USBD_CDC_CfgHSDesc                       0x200000d0   Data          67  usbd_cdc.o(.data)
    USBD_CDC_CfgFSDesc                       0x20000114   Data          67  usbd_cdc.o(.data)
    USBD_CDC_OtherSpeedCfgDesc               0x20000158   Data          67  usbd_cdc.o(.data)
    USBD_CDC                                 0x2000019c   Data          56  usbd_cdc.o(.data)
    hi2c1                                    0x200001d4   Data          76  main.o(.bss)
    hiwdg                                    0x20000220   Data          16  main.o(.bss)
    hspi2                                    0x20000230   Data         100  main.o(.bss)
    htim6                                    0x20000294   Data          64  main.o(.bss)
    htim7                                    0x200002d4   Data          64  main.o(.bss)
    va                                       0x20000314   Data          15  main.o(.bss)
    vb                                       0x20000323   Data          15  main.o(.bss)
    Flashdata                                0x20000332   Data          50  main.o(.bss)
    USBD_StrDesc                             0x20000364   Data         512  usbd_desc.o(.bss)
    hpcd_USB_FS                              0x20000784   Data         544  usbd_conf.o(.bss)
    hUsbDeviceFS                             0x200009a4   Data         548  usb_device.o(.bss)
    UserRxBufferFS                           0x20000bc8   Data         100  usbd_cdc_if.o(.bss)
    UserTxBufferFS                           0x20000c2c   Data         100  usbd_cdc_if.o(.bss)
    __initial_sp                             0x20001090   Data           0  startup_stm32f070xb.o(STACK)



==============================================================================

Memory Map of the image

  Image Entry point : 0x080000c1

  Load Region LR_IROM1 (Base: 0x08000000, Size: 0x00005358, Max: 0x00020000, ABSOLUTE, COMPRESSED[0x00005248])

    Execution Region ER_IROM1 (Base: 0x08000000, Size: 0x00005184, Max: 0x00020000, ABSOLUTE)

    Base Addr    Size         Type   Attr      Idx    E Section Name        Object

    0x08000000   0x000000c0   Data   RO         3860    RESET               startup_stm32f070xb.o
    0x080000c0   0x00000000   Code   RO         4218  * .ARM.Collect$$$$00000000  mc_p.l(entry.o)
    0x080000c0   0x00000004   Code   RO         4498    .ARM.Collect$$$$00000001  mc_p.l(entry2.o)
    0x080000c4   0x00000004   Code   RO         4501    .ARM.Collect$$$$00000004  mc_p.l(entry5.o)
    0x080000c8   0x00000000   Code   RO         4503    .ARM.Collect$$$$00000008  mc_p.l(entry7b.o)
    0x080000c8   0x00000000   Code   RO         4505    .ARM.Collect$$$$0000000A  mc_p.l(entry8b.o)
    0x080000c8   0x00000008   Code   RO         4506    .ARM.Collect$$$$0000000B  mc_p.l(entry9a.o)
    0x080000d0   0x00000000   Code   RO         4508    .ARM.Collect$$$$0000000D  mc_p.l(entry10a.o)
    0x080000d0   0x00000000   Code   RO         4510    .ARM.Collect$$$$0000000F  mc_p.l(entry11a.o)
    0x080000d0   0x00000004   Code   RO         4499    .ARM.Collect$$$$00002712  mc_p.l(entry2.o)
    0x080000d4   0x0000001c   Code   RO         3861    .text               startup_stm32f070xb.o
    0x080000f0   0x0000002c   Code   RO         4221    .text               mc_p.l(uidiv.o)
    0x0800011c   0x00000022   Code   RO         4223    .text               mc_p.l(llushr.o)
    0x0800013e   0x00000002   PAD
    0x08000140   0x000000f0   Code   RO         4488    .text               mf_p.l(ddiv.o)
    0x08000230   0x0000001c   Code   RO         4492    .text               mf_p.l(dfltui.o)
    0x0800024c   0x0000003c   Code   RO         4494    .text               mf_p.l(dfixui.o)
    0x08000288   0x00000028   Code   RO         4496    .text               mf_p.l(cdcmple.o)
    0x080002b0   0x00000000   Code   RO         4517    .text               mc_p.l(iusefp.o)
    0x080002b0   0x000000be   Code   RO         4518    .text               mf_p.l(depilogue.o)
    0x0800036e   0x00000002   PAD
    0x08000370   0x00000024   Code   RO         4528    .text               mc_p.l(init.o)
    0x08000394   0x00000020   Code   RO         4531    .text               mc_p.l(llshl.o)
    0x080003b4   0x00000056   Code   RO         4544    .text               mc_p.l(__dczerorl2.o)
    0x0800040a   0x00000002   PAD
    0x0800040c   0x00000034   Code   RO         2998    i.Beep              main.o
    0x08000440   0x00000004   Code   RO         3715    i.CDC_Control_FS    usbd_cdc_if.o
    0x08000444   0x00000004   Code   RO         3716    i.CDC_DeInit_FS     usbd_cdc_if.o
    0x08000448   0x00000024   Code   RO         3717    i.CDC_Init_FS       usbd_cdc_if.o
    0x0800046c   0x00000018   Code   RO         3718    i.CDC_Receive_FS    usbd_cdc_if.o
    0x08000484   0x00000030   Code   RO         3719    i.CDC_Transmit_FS   usbd_cdc_if.o
    0x080004b4   0x00000088   Code   RO         2999    i.CommEnergyIC      main.o
    0x0800053c   0x00000010   Code   RO         3000    i.EEPROMWriteInt    main.o
    0x0800054c   0x0000000c   Code   RO         2938    i.EXTI4_15_IRQHandler  stm32f0xx_it.o
    0x08000558   0x00000064   Code   RO         3001    i.FlashErase        main.o
    0x080005bc   0x00000098   Code   RO         3002    i.FlashWrite        main.o
    0x08000654   0x00000024   Code   RO         3010    i.GetLineVoltageA   main.o
    0x08000678   0x00000024   Code   RO         3011    i.GetLineVoltageB   main.o
    0x0800069c   0x00000014   Code   RO         3016    i.GetSysStatus0     main.o
    0x080006b0   0x0000001c   Code   RO          801    i.HAL_Delay         stm32f0xx_hal.o
    0x080006cc   0x00000024   Code   RO         1605    i.HAL_FLASH_Unlock  stm32f0xx_hal_flash.o
    0x080006f0   0x00000120   Code   RO         3018    i.HAL_GPIO_EXTI_Callback  main.o
    0x08000810   0x00000018   Code   RO         1992    i.HAL_GPIO_EXTI_IRQHandler  stm32f0xx_hal_gpio.o
    0x08000828   0x00000148   Code   RO         1993    i.HAL_GPIO_Init     stm32f0xx_hal_gpio.o
    0x08000970   0x0000000a   Code   RO         1995    i.HAL_GPIO_ReadPin  stm32f0xx_hal_gpio.o
    0x0800097a   0x0000000c   Code   RO         1997    i.HAL_GPIO_WritePin  stm32f0xx_hal_gpio.o
    0x08000986   0x00000002   PAD
    0x08000988   0x0000000c   Code   RO          805    i.HAL_GetTick       stm32f0xx_hal.o
    0x08000994   0x0000004a   Code   RO         2148    i.HAL_I2CEx_ConfigAnalogFilter  stm32f0xx_hal_i2c_ex.o
    0x080009de   0x00000048   Code   RO         2149    i.HAL_I2CEx_ConfigDigitalFilter  stm32f0xx_hal_i2c_ex.o
    0x08000a26   0x00000002   PAD
    0x08000a28   0x000000b4   Code   RO          944    i.HAL_I2C_Init      stm32f0xx_hal_i2c.o
    0x08000adc   0x00000048   Code   RO         2883    i.HAL_I2C_MspInit   stm32f0xx_hal_msp.o
    0x08000b24   0x00000064   Code   RO         2856    i.HAL_IWDG_Init     stm32f0xx_hal_iwdg.o
    0x08000b88   0x00000010   Code   RO         2857    i.HAL_IWDG_Refresh  stm32f0xx_hal_iwdg.o
    0x08000b98   0x00000010   Code   RO          809    i.HAL_IncTick       stm32f0xx_hal.o
    0x08000ba8   0x00000020   Code   RO          810    i.HAL_Init          stm32f0xx_hal.o
    0x08000bc8   0x00000022   Code   RO          811    i.HAL_InitTick      stm32f0xx_hal.o
    0x08000bea   0x00000002   PAD
    0x08000bec   0x00000038   Code   RO         2884    i.HAL_MspInit       stm32f0xx_hal_msp.o
    0x08000c24   0x00000014   Code   RO         1774    i.HAL_NVIC_EnableIRQ  stm32f0xx_hal_cortex.o
    0x08000c38   0x00000008   Code   RO         1778    i.HAL_NVIC_SetPriority  stm32f0xx_hal_cortex.o
    0x08000c40   0x0000003a   Code   RO         2615    i.HAL_PCDEx_PMAConfig  stm32f0xx_hal_pcd_ex.o
    0x08000c7a   0x00000018   Code   RO         3484    i.HAL_PCD_DataInStageCallback  usbd_conf.o
    0x08000c92   0x0000001c   Code   RO         3485    i.HAL_PCD_DataOutStageCallback  usbd_conf.o
    0x08000cae   0x00000002   PAD
    0x08000cb0   0x00000168   Code   RO         2644    i.HAL_PCD_EP_Close  stm32f0xx_hal_pcd.o
    0x08000e18   0x000000b4   Code   RO         2645    i.HAL_PCD_EP_ClrStall  stm32f0xx_hal_pcd.o
    0x08000ecc   0x00000014   Code   RO         2647    i.HAL_PCD_EP_GetRxCount  stm32f0xx_hal_pcd.o
    0x08000ee0   0x000002a4   Code   RO         2648    i.HAL_PCD_EP_Open   stm32f0xx_hal_pcd.o
    0x08001184   0x00000138   Code   RO         2649    i.HAL_PCD_EP_Receive  stm32f0xx_hal_pcd.o
    0x080012bc   0x00000094   Code   RO         2650    i.HAL_PCD_EP_SetStall  stm32f0xx_hal_pcd.o
    0x08001350   0x00000194   Code   RO         2651    i.HAL_PCD_EP_Transmit  stm32f0xx_hal_pcd.o
    0x080014e4   0x0000010c   Code   RO         2653    i.HAL_PCD_IRQHandler  stm32f0xx_hal_pcd.o
    0x080015f0   0x0000009a   Code   RO         2656    i.HAL_PCD_Init      stm32f0xx_hal_pcd.o
    0x0800168a   0x00000002   PAD
    0x0800168c   0x00000038   Code   RO         3490    i.HAL_PCD_MspInit   usbd_conf.o
    0x080016c4   0x00000018   Code   RO         3491    i.HAL_PCD_ResetCallback  usbd_conf.o
    0x080016dc   0x0000002c   Code   RO         3492    i.HAL_PCD_ResumeCallback  usbd_conf.o
    0x08001708   0x00000010   Code   RO         3493    i.HAL_PCD_SOFCallback  usbd_conf.o
    0x08001718   0x0000002c   Code   RO         2662    i.HAL_PCD_SetAddress  stm32f0xx_hal_pcd.o
    0x08001744   0x00000016   Code   RO         3494    i.HAL_PCD_SetupStageCallback  usbd_conf.o
    0x0800175a   0x00000012   Code   RO         2664    i.HAL_PCD_Start     stm32f0xx_hal_pcd.o
    0x0800176c   0x00000028   Code   RO         3495    i.HAL_PCD_SuspendCallback  usbd_conf.o
    0x08001794   0x000000f8   Code   RO         1868    i.HAL_RCCEx_PeriphCLKConfig  stm32f0xx_hal_rcc_ex.o
    0x0800188c   0x0000012c   Code   RO         1899    i.HAL_RCC_ClockConfig  stm32f0xx_hal_rcc.o
    0x080019b8   0x0000000c   Code   RO         1904    i.HAL_RCC_GetHCLKFreq  stm32f0xx_hal_rcc.o
    0x080019c4   0x00000070   Code   RO         1907    i.HAL_RCC_GetSysClockFreq  stm32f0xx_hal_rcc.o
    0x08001a34   0x0000035c   Code   RO         1910    i.HAL_RCC_OscConfig  stm32f0xx_hal_rcc.o
    0x08001d90   0x000000b8   Code   RO         2283    i.HAL_SPI_Init      stm32f0xx_hal_spi.o
    0x08001e48   0x00000060   Code   RO         2886    i.HAL_SPI_MspInit   stm32f0xx_hal_msp.o
    0x08001ea8   0x00000158   Code   RO         2286    i.HAL_SPI_Receive   stm32f0xx_hal_spi.o
    0x08002000   0x00000170   Code   RO         2291    i.HAL_SPI_Transmit  stm32f0xx_hal_spi.o
    0x08002170   0x00000248   Code   RO         2292    i.HAL_SPI_TransmitReceive  stm32f0xx_hal_spi.o
    0x080023b8   0x00000018   Code   RO         1780    i.HAL_SYSTICK_CLKSourceConfig  stm32f0xx_hal_cortex.o
    0x080023d0   0x00000170   Code   RO         3019    i.HAL_SYSTICK_Callback  main.o
    0x08002540   0x00000030   Code   RO         1782    i.HAL_SYSTICK_Config  stm32f0xx_hal_cortex.o
    0x08002570   0x00000008   Code   RO         1783    i.HAL_SYSTICK_IRQHandler  stm32f0xx_hal_cortex.o
    0x08002578   0x00000034   Code   RO          157    i.HAL_TIM_Base_Init  stm32f0xx_hal_tim.o
    0x080025ac   0x00000034   Code   RO         2888    i.HAL_TIM_Base_MspInit  stm32f0xx_hal_msp.o
    0x080025e0   0x00000002   Code   RO         2939    i.HardFault_Handler  stm32f0xx_it.o
    0x080025e2   0x00000002   PAD
    0x080025e4   0x0000021c   Code   RO         3020    i.InitEnergyIC      main.o
    0x08002800   0x0000011c   Code   RO         3021    i.MX_GPIO_Init      main.o
    0x0800291c   0x00000054   Code   RO         3022    i.MX_I2C1_Init      main.o
    0x08002970   0x0000004c   Code   RO         3023    i.MX_SPI2_Init      main.o
    0x080029bc   0x00000034   Code   RO         3685    i.MX_USB_DEVICE_Init  usb_device.o
    0x080029f0   0x00000002   Code   RO         2940    i.NMI_Handler       stm32f0xx_it.o
    0x080029f2   0x00000002   PAD
    0x080029f4   0x00000044   Code   RO         1784    i.NVIC_SetPriority  stm32f0xx_hal_cortex.o
    0x08002a38   0x00000338   Code   RO         2667    i.PCD_EP_ISR_Handler  stm32f0xx_hal_pcd.o
    0x08002d70   0x0000002a   Code   RO         2668    i.PCD_ReadPMA       stm32f0xx_hal_pcd.o
    0x08002d9a   0x00000026   Code   RO         2669    i.PCD_WritePMA      stm32f0xx_hal_pcd.o
    0x08002dc0   0x00000002   Code   RO         2941    i.PendSV_Handler    stm32f0xx_it.o
    0x08002dc2   0x00000002   PAD
    0x08002dc4   0x00000188   Code   RO         3024    i.ReadSetting       main.o
    0x08002f4c   0x00000078   Code   RO         2320    i.SPI_EndRxTransaction  stm32f0xx_hal_spi.o
    0x08002fc4   0x0000004c   Code   RO         2321    i.SPI_EndRxTxTransaction  stm32f0xx_hal_spi.o
    0x08003010   0x00000096   Code   RO         2326    i.SPI_WaitFifoStateUntilTimeout  stm32f0xx_hal_spi.o
    0x080030a6   0x0000008c   Code   RO         2327    i.SPI_WaitFlagStateUntilTimeout  stm32f0xx_hal_spi.o
    0x08003132   0x00000002   Code   RO         2942    i.SVC_Handler       stm32f0xx_it.o
    0x08003134   0x0000000c   Code   RO         2943    i.SysTick_Handler   stm32f0xx_it.o
    0x08003140   0x00000088   Code   RO         3027    i.SystemClock_Config  main.o
    0x080031c8   0x00000064   Code   RO            4    i.SystemInit        system_stm32f0xx.o
    0x0800322c   0x00000088   Code   RO          243    i.TIM_Base_SetConfig  stm32f0xx_hal_tim.o
    0x080032b4   0x0000001c   Code   RO         3028    i.TM_HD44780_BlinkOff  main.o
    0x080032d0   0x0000001c   Code   RO         3029    i.TM_HD44780_BlinkOn  main.o
    0x080032ec   0x00000014   Code   RO         3030    i.TM_HD44780_Clear  main.o
    0x08003300   0x00000026   Code   RO         3031    i.TM_HD44780_Cmd    main.o
    0x08003326   0x00000002   PAD
    0x08003328   0x0000008c   Code   RO         3032    i.TM_HD44780_Cmd4bit  main.o
    0x080033b4   0x0000001c   Code   RO         3034    i.TM_HD44780_CursorOff  main.o
    0x080033d0   0x0000001c   Code   RO         3035    i.TM_HD44780_CursorOn  main.o
    0x080033ec   0x00000030   Code   RO         3036    i.TM_HD44780_CursorSet  main.o
    0x0800341c   0x00000026   Code   RO         3037    i.TM_HD44780_Data   main.o
    0x08003442   0x00000002   PAD
    0x08003444   0x0000001c   Code   RO         3039    i.TM_HD44780_DisplayOn  main.o
    0x08003460   0x00000110   Code   RO         3040    i.TM_HD44780_Init   main.o
    0x08003570   0x0000005c   Code   RO         3042    i.TM_HD44780_Puts   main.o
    0x080035cc   0x0000001e   Code   RO         4118    i.USBD_CDC_DataIn   usbd_cdc.o
    0x080035ea   0x00000034   Code   RO         4119    i.USBD_CDC_DataOut  usbd_cdc.o
    0x0800361e   0x0000003c   Code   RO         4120    i.USBD_CDC_DeInit   usbd_cdc.o
    0x0800365a   0x00000028   Code   RO         4121    i.USBD_CDC_EP0_RxReady  usbd_cdc.o
    0x08003682   0x00000002   PAD
    0x08003684   0x0000000c   Code   RO         4122    i.USBD_CDC_GetDeviceQualifierDescriptor  usbd_cdc.o
    0x08003690   0x0000000c   Code   RO         4123    i.USBD_CDC_GetFSCfgDesc  usbd_cdc.o
    0x0800369c   0x0000000c   Code   RO         4124    i.USBD_CDC_GetHSCfgDesc  usbd_cdc.o
    0x080036a8   0x0000000c   Code   RO         4125    i.USBD_CDC_GetOtherSpeedCfgDesc  usbd_cdc.o
    0x080036b4   0x0000008a   Code   RO         4126    i.USBD_CDC_Init     usbd_cdc.o
    0x0800373e   0x00000038   Code   RO         4127    i.USBD_CDC_ReceivePacket  usbd_cdc.o
    0x08003776   0x00000014   Code   RO         4128    i.USBD_CDC_RegisterInterface  usbd_cdc.o
    0x0800378a   0x00000014   Code   RO         4129    i.USBD_CDC_SetRxBuffer  usbd_cdc.o
    0x0800379e   0x00000016   Code   RO         4130    i.USBD_CDC_SetTxBuffer  usbd_cdc.o
    0x080037b4   0x00000074   Code   RO         4131    i.USBD_CDC_Setup    usbd_cdc.o
    0x08003828   0x00000034   Code   RO         4132    i.USBD_CDC_TransmitPacket  usbd_cdc.o
    0x0800385c   0x00000010   Code   RO         3867    i.USBD_ClrClassConfig  usbd_core.o
    0x0800386c   0x00000010   Code   RO         4062    i.USBD_CtlContinueRx  usbd_ioreq.o
    0x0800387c   0x00000010   Code   RO         4063    i.USBD_CtlContinueSendData  usbd_ioreq.o
    0x0800388c   0x00000014   Code   RO         4001    i.USBD_CtlError     usbd_ctlreq.o
    0x080038a0   0x00000020   Code   RO         4064    i.USBD_CtlPrepareRx  usbd_ioreq.o
    0x080038c0   0x00000018   Code   RO         4065    i.USBD_CtlReceiveStatus  usbd_ioreq.o
    0x080038d8   0x0000001c   Code   RO         4066    i.USBD_CtlSendData  usbd_ioreq.o
    0x080038f4   0x00000018   Code   RO         4067    i.USBD_CtlSendStatus  usbd_ioreq.o
    0x0800390c   0x00000020   Code   RO         3418    i.USBD_FS_ConfigStrDescriptor  usbd_desc.o
    0x0800392c   0x0000000c   Code   RO         3419    i.USBD_FS_DeviceDescriptor  usbd_desc.o
    0x08003938   0x00000024   Code   RO         3420    i.USBD_FS_InterfaceStrDescriptor  usbd_desc.o
    0x0800395c   0x0000000c   Code   RO         3421    i.USBD_FS_LangIDStrDescriptor  usbd_desc.o
    0x08003968   0x00000028   Code   RO         3422    i.USBD_FS_ManufacturerStrDescriptor  usbd_desc.o
    0x08003990   0x0000002c   Code   RO         3423    i.USBD_FS_ProductStrDescriptor  usbd_desc.o
    0x080039bc   0x00000024   Code   RO         3424    i.USBD_FS_SerialStrDescriptor  usbd_desc.o
    0x080039e0   0x000000e0   Code   RO         4002    i.USBD_GetDescriptor  usbd_ctlreq.o
    0x08003ac0   0x00000044   Code   RO         4003    i.USBD_GetString    usbd_ctlreq.o
    0x08003b04   0x00000032   Code   RO         3869    i.USBD_Init         usbd_core.o
    0x08003b36   0x00000026   Code   RO         3496    i.USBD_LL_ClearStallEP  usbd_conf.o
    0x08003b5c   0x00000026   Code   RO         3497    i.USBD_LL_CloseEP   usbd_conf.o
    0x08003b82   0x000000b6   Code   RO         3870    i.USBD_LL_DataInStage  usbd_core.o
    0x08003c38   0x00000074   Code   RO         3871    i.USBD_LL_DataOutStage  usbd_core.o
    0x08003cac   0x00000010   Code   RO         3501    i.USBD_LL_GetRxDataSize  usbd_conf.o
    0x08003cbc   0x000000a0   Code   RO         3502    i.USBD_LL_Init      usbd_conf.o
    0x08003d5c   0x00000024   Code   RO         3503    i.USBD_LL_IsStallEP  usbd_conf.o
    0x08003d80   0x0000002c   Code   RO         3504    i.USBD_LL_OpenEP    usbd_conf.o
    0x08003dac   0x00000026   Code   RO         3505    i.USBD_LL_PrepareReceive  usbd_conf.o
    0x08003dd2   0x00000046   Code   RO         3876    i.USBD_LL_Reset     usbd_core.o
    0x08003e18   0x0000000c   Code   RO         3877    i.USBD_LL_Resume    usbd_core.o
    0x08003e24   0x0000001e   Code   RO         3878    i.USBD_LL_SOF       usbd_core.o
    0x08003e42   0x00000006   Code   RO         3879    i.USBD_LL_SetSpeed  usbd_core.o
    0x08003e48   0x00000026   Code   RO         3506    i.USBD_LL_SetUSBAddress  usbd_conf.o
    0x08003e6e   0x0000005e   Code   RO         3880    i.USBD_LL_SetupStage  usbd_core.o
    0x08003ecc   0x00000026   Code   RO         3507    i.USBD_LL_StallEP   usbd_conf.o
    0x08003ef2   0x00000026   Code   RO         3508    i.USBD_LL_Start     usbd_conf.o
    0x08003f18   0x00000010   Code   RO         3881    i.USBD_LL_Suspend   usbd_core.o
    0x08003f28   0x00000026   Code   RO         3510    i.USBD_LL_Transmit  usbd_conf.o
    0x08003f4e   0x00000028   Code   RO         4004    i.USBD_ParseSetupRequest  usbd_ctlreq.o
    0x08003f76   0x00000016   Code   RO         3882    i.USBD_RegisterClass  usbd_core.o
    0x08003f8c   0x0000001c   Code   RO         3884    i.USBD_SetClassConfig  usbd_core.o
    0x08003fa8   0x00000070   Code   RO         4005    i.USBD_SetConfig    usbd_ctlreq.o
    0x08004018   0x0000000a   Code   RO         3885    i.USBD_Start        usbd_core.o
    0x08004022   0x000000ee   Code   RO         4006    i.USBD_StdDevReq    usbd_ctlreq.o
    0x08004110   0x000000ea   Code   RO         4007    i.USBD_StdEPReq     usbd_ctlreq.o
    0x080041fa   0x0000003a   Code   RO         4008    i.USBD_StdItfReq    usbd_ctlreq.o
    0x08004234   0x00000002   Code   RO         3511    i.USBD_static_free  usbd_conf.o
    0x08004236   0x00000002   PAD
    0x08004238   0x00000008   Code   RO         3512    i.USBD_static_malloc  usbd_conf.o
    0x08004240   0x00000010   Code   RO         2944    i.USB_IRQHandler    stm32f0xx_it.o
    0x08004250   0x00000220   Code   RO         3045    i.VRMS_Read         main.o
    0x08004470   0x00000002   Code   RO         3046    i._Error_Handler    main.o
    0x08004472   0x00000002   PAD
    0x08004474   0x00000028   Code   RO         4272    i.__0sprintf$1      mc_p.l(printf1.o)
    0x0800449c   0x0000002e   Code   RO         4520    i.__ARM_clz         mf_p.l(depilogue.o)
    0x080044ca   0x0000001a   Code   RO          788    i.__ARM_common_switch8  stm32f0xx_hal_tim.o
    0x080044e4   0x0000000e   Code   RO         4538    i.__scatterload_copy  mc_p.l(handlers.o)
    0x080044f2   0x00000002   Code   RO         4539    i.__scatterload_null  mc_p.l(handlers.o)
    0x080044f4   0x0000000e   Code   RO         4540    i.__scatterload_zeroinit  mc_p.l(handlers.o)
    0x08004502   0x00000002   PAD
    0x08004504   0x00000150   Code   RO         4277    i._printf_core      mc_p.l(printf1.o)
    0x08004654   0x0000000a   Code   RO         4279    i._sputc            mc_p.l(printf1.o)
    0x0800465e   0x00000002   PAD
    0x08004660   0x000006d8   Code   RO         3047    i.buttonRead        main.o
    0x08004d38   0x00000014   Code   RO         3048    i.delay_us          main.o
    0x08004d4c   0x00000408   Code   RO         3049    i.main              main.o
    0x08005154   0x00000010   Data   RO            5    .constdata          system_stm32f0xx.o
    0x08005164   0x00000020   Data   RO         4536    Region$$Table       anon$$obj.o


    Execution Region RW_IRAM1 (Base: 0x20000000, Size: 0x00001090, Max: 0x00004000, ABSOLUTE, COMPRESSED[0x000000c4])

    Base Addr    Size         Type   Attr      Idx    E Section Name        Object

    0x20000000   0x00000004   Data   RW            7    .data               system_stm32f0xx.o
    0x20000004   0x00000004   Data   RW          816    .data               stm32f0xx_hal.o
    0x20000008   0x00000070   Data   RW         3060    .data               main.o
    0x20000078   0x0000001c   Data   RW         3426    .data               usbd_desc.o
    0x20000094   0x00000016   Data   RW         3427    .data               usbd_desc.o
    0x200000aa   0x00000002   PAD
    0x200000ac   0x00000010   Data   RW         3721    .data               usbd_cdc_if.o
    0x200000bc   0x00000001   Data   RW         4009    .data               usbd_ctlreq.o
    0x200000bd   0x00000003   PAD
    0x200000c0   0x000000db   Data   RW         4133    .data               usbd_cdc.o
    0x2000019b   0x00000001   PAD
    0x2000019c   0x00000038   Data   RW         4134    .data               usbd_cdc.o
    0x200001d4   0x00000190   Zero   RW         3050    .bss                main.o
    0x20000364   0x00000200   Zero   RW         3425    .bss                usbd_desc.o
    0x20000564   0x00000440   Zero   RW         3513    .bss                usbd_conf.o
    0x200009a4   0x00000224   Zero   RW         3686    .bss                usb_device.o
    0x20000bc8   0x000000c8   Zero   RW         3720    .bss                usbd_cdc_if.o
    0x20000c90   0x00000400   Zero   RW         3858    STACK               startup_stm32f070xb.o


==============================================================================

Image component sizes


      Code (inc. data)   RO Data    RW Data    ZI Data      Debug   Object Name

      6854        786          0        112        400      34939   main.o
        28          8        192          0       1024        588   startup_stm32f070xb.o
       122         18          0          4          0       3559   stm32f0xx_hal.o
       176         28          0          0          0       9948   stm32f0xx_hal_cortex.o
        36         12          0          0          0        571   stm32f0xx_hal_flash.o
       374         32          0          0          0       3402   stm32f0xx_hal_gpio.o
       180          4          0          0          0       2903   stm32f0xx_hal_i2c.o
       146          0          0          0          0       1871   stm32f0xx_hal_i2c_ex.o
       116         20          0          0          0       1683   stm32f0xx_hal_iwdg.o
       276         44          0          0          0       2649   stm32f0xx_hal_msp.o
      3488        148          0          0          0      13597   stm32f0xx_hal_pcd.o
        58          0          0          0          0       1218   stm32f0xx_hal_pcd_ex.o
      1284         82          0          0          0       4350   stm32f0xx_hal_rcc.o
       248         12          0          0          0       1360   stm32f0xx_hal_rcc_ex.o
      1966          0          0          0          0       9246   stm32f0xx_hal_spi.o
       214         24          0          0          0       2719   stm32f0xx_hal_tim.o
        48          6          0          0          0       2918   stm32f0xx_it.o
       100         14         16          4          0     290979   system_stm32f0xx.o
        52         16          0          0        548        668   usb_device.o
       654         20          0        275          0      12474   usbd_cdc.o
       116         22          0         16        200       3072   usbd_cdc_if.o
       786         58          0          0       1088      12574   usbd_conf.o
       652          0          0          0          0       9084   usbd_core.o
       994         34          0          1          0       7696   usbd_ctlreq.o
       212        116          0         50        512       4803   usbd_desc.o
       140          0          0          0          0       4260   usbd_ioreq.o

    ----------------------------------------------------------------------
     19346       1504        240        468       3772     443131   Object Totals
         0          0         32          0          0          0   (incl. Generated)
        26          0          0          6          0          0   (incl. Padding)

    ----------------------------------------------------------------------

      Code (inc. data)   RO Data    RW Data    ZI Data      Debug   Library Member Name

        86          0          0          0          0          0   __dczerorl2.o
         0          0          0          0          0          0   entry.o
         0          0          0          0          0          0   entry10a.o
         0          0          0          0          0          0   entry11a.o
         8          4          0          0          0          0   entry2.o
         4          0          0          0          0          0   entry5.o
         0          0          0          0          0          0   entry7b.o
         0          0          0          0          0          0   entry8b.o
         8          4          0          0          0          0   entry9a.o
        30          0          0          0          0          0   handlers.o
        36          8          0          0          0         68   init.o
         0          0          0          0          0          0   iusefp.o
        32          0          0          0          0         68   llshl.o
        34          0          0          0          0         68   llushr.o
       386          8          0          0          0        228   printf1.o
        44          0          0          0          0         72   uidiv.o
        40          2          0          0          0         68   cdcmple.o
       240          6          0          0          0         84   ddiv.o
       236          0          0          0          0        216   depilogue.o
        60         10          0          0          0         68   dfixui.o
        28          4          0          0          0         68   dfltui.o

    ----------------------------------------------------------------------
      1282         46          0          0          0       1008   Library Totals
        10          0          0          0          0          0   (incl. Padding)

    ----------------------------------------------------------------------

      Code (inc. data)   RO Data    RW Data    ZI Data      Debug   Library Name

       668         24          0          0          0        504   mc_p.l
       604         22          0          0          0        504   mf_p.l

    ----------------------------------------------------------------------
      1282         46          0          0          0       1008   Library Totals

    ----------------------------------------------------------------------

==============================================================================


      Code (inc. data)   RO Data    RW Data    ZI Data      Debug   

     20628       1550        240        468       3772     436479   Grand Totals
     20628       1550        240        196       3772     436479   ELF Image Totals (compressed)
     20628       1550        240        196          0          0   ROM Totals

==============================================================================

    Total RO  Size (Code + RO Data)                20868 (  20.38kB)
    Total RW  Size (RW Data + ZI Data)              4240 (   4.14kB)
    Total ROM Size (Code + RO Data + RW Data)      21064 (  20.57kB)

==============================================================================

